Product: MDK-ARM Professional 5.10
Component: ARM Compiler 5.04 update 1 (build 49)
Tool: armlink [5040049]

==============================================================================

Section Cross References

    main.o(.text) refers to bsp_init.o(.text) for BSP_Configuration
    main.o(.text) refers to us_mcu_transfer.o(.text) for us_mcu_id_get
    main.o(.text) refers to printf3.o(i.__0printf$3) for __2printf
    main.o(.text) refers to usb_regs.o(.text) for GetEPTxStatus
    main.o(.text) refers to strlen.o(.text) for strlen
    main.o(.text) refers to usbio.o(.text) for USB_SendData
    main.o(.text) refers to main.o(.bss) for send_buf
    main.o(.text) refers to us_mcu_transfer.o(.data) for US_MCU_STATUS
    main.o(.text) refers to imu_uranus.o(.bss) for imu_data_5
    main.o(.text) refers to main.o(.constdata) for __func__
    stm32f10x_it.o(.text) refers to usb_istr.o(.text) for USB_Istr
    stm32f10x_it.o(.text) refers to usb_pwr.o(.text) for Resume
    system_stm32f10x.o(.text) refers to system_stm32f10x.o(.data) for SystemCoreClock
    bsp_init.o(.text) refers to stm32f10x_rcc.o(.text) for RCC_DeInit
    bsp_init.o(.text) refers to stm32f10x_flash.o(.text) for FLASH_PrefetchBufferCmd
    bsp_init.o(.text) refers to stm32f10x_gpio.o(.text) for GPIO_Init
    bsp_init.o(.text) refers to misc.o(.text) for NVIC_PriorityGroupConfig
    bsp_init.o(.text) refers to timer_function.o(.text) for RCC_Configuration
    bsp_init.o(.text) refers to usart.o(.text) for UART1_Configuration
    bsp_init.o(.text) refers to delay.o(.text) for delay_init
    bsp_init.o(.text) refers to bsp_init.o(.data) for HSEStartUpStatus
    bsp_init.o(.text) refers to usb_desc.o(.data) for CustomHID_StringSerial
    led.o(.text) refers to stm32f10x_rcc.o(.text) for RCC_APB2PeriphClockCmd
    led.o(.text) refers to stm32f10x_gpio.o(.text) for GPIO_Init
    key.o(.text) refers to stm32f10x_rcc.o(.text) for RCC_APB2PeriphClockCmd
    key.o(.text) refers to stm32f10x_gpio.o(.text) for GPIO_Init
    key.o(.text) refers to delay.o(.text) for delay_ms
    key.o(.text) refers to key.o(.data) for key_up
    myiic.o(.text) refers to stm32f10x_rcc.o(.text) for RCC_APB2PeriphClockCmd
    myiic.o(.text) refers to stm32f10x_gpio.o(.text) for GPIO_Init
    myiic.o(.text) refers to delay.o(.text) for delay_us
    iic_mpu9250.o(.text) refers to inemo_ahrs.o(.text) for iNEMO_AHRS_Init
    iic_mpu9250.o(.text) refers to dflti.o(.text) for __aeabi_i2d
    iic_mpu9250.o(.text) refers to dmul.o(.text) for __aeabi_dmul
    iic_mpu9250.o(.text) refers to ddiv.o(.text) for __aeabi_ddiv
    iic_mpu9250.o(.text) refers to d2f.o(.text) for __aeabi_d2f
    iic_mpu9250.o(.text) refers to us_mcu_transfer.o(.text) for us_mcu_rc_buff_enter
    iic_mpu9250.o(.text) refers to myiic.o(.text) for IIC_Start
    iic_mpu9250.o(.text) refers to delay.o(.text) for delay_ms
    iic_mpu9250.o(.text) refers to fflti.o(.text) for __aeabi_i2f
    iic_mpu9250.o(.text) refers to fadd.o(.text) for __aeabi_fadd
    iic_mpu9250.o(.text) refers to ffixi.o(.text) for __aeabi_f2iz
    iic_mpu9250.o(.text) refers to iic_mpu9250.o(.bss) for xSensorData
    iic_mpu9250.o(.text) refers to iic_mpu9250.o(.data) for count
    iic_mpu9250.o(.text) refers to f2d.o(.text) for __aeabi_f2d
    timer_function.o(.text) refers to stm32f10x_rcc.o(.text) for RCC_APB2PeriphClockCmd
    timer_function.o(.text) refers to misc.o(.text) for NVIC_PriorityGroupConfig
    timer_function.o(.text) refers to stm32f10x_gpio.o(.text) for GPIO_Init
    timer_function.o(.text) refers to stm32f10x_tim.o(.text) for TIM_TimeBaseInit
    encoder.o(.text) refers to ldiv.o(.text) for __aeabi_ldivmod
    encoder.o(.text) refers to ffltui.o(.text) for __aeabi_ui2f
    encoder.o(.text) refers to pid.o(.text) for PID_calculate
    encoder.o(.text) refers to fadd.o(.text) for __aeabi_fadd
    encoder.o(.text) refers to cfrcmple.o(.text) for __aeabi_cfrcmple
    encoder.o(.text) refers to cfcmple.o(.text) for __aeabi_cfcmple
    encoder.o(.text) refers to ffixui.o(.text) for __aeabi_f2uiz
    encoder.o(.text) refers to stm32f10x_tim.o(.text) for TIM_ClearFlag
    encoder.o(.text) refers to encoder.o(.data) for bIs_First_Measurement2
    encoder.o(.text) refers to encoder.o(.bss) for hSpeed_Buffer2
    encoder.o(.text) refers to us_mcu_transfer.o(.data) for A_Step_Set
    encoder.o(.text) refers to us_mcu_transfer.o(.text) for sjs_marm_pwr
    delay.o(.text) refers to misc.o(.text) for SysTick_CLKSourceConfig
    delay.o(.text) refers to system_stm32f10x.o(.data) for SystemCoreClock
    delay.o(.text) refers to delay.o(.data) for fac_us
    usart.o(.text) refers to stm32f10x_rcc.o(.text) for RCC_APB2PeriphClockCmd
    usart.o(.text) refers to stm32f10x_gpio.o(.text) for GPIO_Init
    usart.o(.text) refers to misc.o(.text) for NVIC_Init
    usart.o(.text) refers to stm32f10x_usart.o(.text) for USART_Init
    usart.o(.text) refers to imu_uranus.o(.text) for imu_rev_process
[...]
    RCC_LSICmd                               0x080027cd   Thumb Code     6  stm32f10x_rcc.o(.text)
    RCC_RTCCLKConfig                         0x080027d3   Thumb Code    12  stm32f10x_rcc.o(.text)
    RCC_RTCCLKCmd                            0x080027df   Thumb Code     8  stm32f10x_rcc.o(.text)
    RCC_GetClocksFreq                        0x080027e7   Thumb Code   192  stm32f10x_rcc.o(.text)
    RCC_AHBPeriphClockCmd                    0x080028a7   Thumb Code    26  stm32f10x_rcc.o(.text)
    RCC_APB2PeriphClockCmd                   0x080028c1   Thumb Code    26  stm32f10x_rcc.o(.text)
    RCC_APB1PeriphClockCmd                   0x080028db   Thumb Code    26  stm32f10x_rcc.o(.text)
    RCC_APB2PeriphResetCmd                   0x080028f5   Thumb Code    26  stm32f10x_rcc.o(.text)
    RCC_APB1PeriphResetCmd                   0x0800290f   Thumb Code    26  stm32f10x_rcc.o(.text)
    RCC_BackupResetCmd                       0x08002929   Thumb Code     8  stm32f10x_rcc.o(.text)
    RCC_ClockSecuritySystemCmd               0x08002931   Thumb Code     6  stm32f10x_rcc.o(.text)
    RCC_MCOConfig                            0x08002937   Thumb Code     6  stm32f10x_rcc.o(.text)
    RCC_ClearFlag                            0x0800293d   Thumb Code    14  stm32f10x_rcc.o(.text)
    RCC_GetITStatus                          0x0800294b   Thumb Code    20  stm32f10x_rcc.o(.text)
    RCC_ClearITPendingBit                    0x0800295f   Thumb Code     6  stm32f10x_rcc.o(.text)
    USART_DeInit                             0x08002989   Thumb Code   134  stm32f10x_usart.o(.text)
    USART_Init                               0x08002a0f   Thumb Code   210  stm32f10x_usart.o(.text)
    USART_StructInit                         0x08002ae1   Thumb Code    24  stm32f10x_usart.o(.text)
    USART_ClockInit                          0x08002af9   Thumb Code    34  stm32f10x_usart.o(.text)
    USART_ClockStructInit                    0x08002b1b   Thumb Code    12  stm32f10x_usart.o(.text)
    USART_Cmd                                0x08002b27   Thumb Code    24  stm32f10x_usart.o(.text)
    USART_ITConfig                           0x08002b3f   Thumb Code    74  stm32f10x_usart.o(.text)
    USART_DMACmd                             0x08002b89   Thumb Code    18  stm32f10x_usart.o(.text)
    USART_SetAddress                         0x08002b9b   Thumb Code    18  stm32f10x_usart.o(.text)
    USART_WakeUpConfig                       0x08002bad   Thumb Code    18  stm32f10x_usart.o(.text)
    USART_ReceiverWakeUpCmd                  0x08002bbf   Thumb Code    24  stm32f10x_usart.o(.text)
    USART_LINBreakDetectLengthConfig         0x08002bd7   Thumb Code    18  stm32f10x_usart.o(.text)
    USART_LINCmd                             0x08002be9   Thumb Code    24  stm32f10x_usart.o(.text)
    USART_SendData                           0x08002c01   Thumb Code     8  stm32f10x_usart.o(.text)
    USART_ReceiveData                        0x08002c09   Thumb Code    10  stm32f10x_usart.o(.text)
    USART_SendBreak                          0x08002c13   Thumb Code    10  stm32f10x_usart.o(.text)
    USART_SetGuardTime                       0x08002c1d   Thumb Code    16  stm32f10x_usart.o(.text)
    USART_SetPrescaler                       0x08002c2d   Thumb Code    16  stm32f10x_usart.o(.text)
    USART_SmartCardCmd                       0x08002c3d   Thumb Code    24  stm32f10x_usart.o(.text)
    USART_SmartCardNACKCmd                   0x08002c55   Thumb Code    24  stm32f10x_usart.o(.text)
    USART_HalfDuplexCmd                      0x08002c6d   Thumb Code    24  stm32f10x_usart.o(.text)
    USART_OverSampling8Cmd                   0x08002c85   Thumb Code    22  stm32f10x_usart.o(.text)
    USART_OneBitMethodCmd                    0x08002c9b   Thumb Code    24  stm32f10x_usart.o(.text)
    USART_IrDAConfig                         0x08002cb3   Thumb Code    18  stm32f10x_usart.o(.text)
    USART_IrDACmd                            0x08002cc5   Thumb Code    24  stm32f10x_usart.o(.text)
    USART_GetFlagStatus                      0x08002cdd   Thumb Code    26  stm32f10x_usart.o(.text)
    USART_ClearFlag                          0x08002cf7   Thumb Code    18  stm32f10x_usart.o(.text)
    USART_GetITStatus                        0x08002d09   Thumb Code    84  stm32f10x_usart.o(.text)
    USART_ClearITPendingBit                  0x08002d5d   Thumb Code    52  stm32f10x_usart.o(.text)
    DAC_DeInit                               0x08002d91   Thumb Code    22  stm32f10x_dac.o(.text)
    DAC_Init                                 0x08002da7   Thumb Code    46  stm32f10x_dac.o(.text)
    DAC_StructInit                           0x08002dd5   Thumb Code    12  stm32f10x_dac.o(.text)
    DAC_Cmd                                  0x08002de1   Thumb Code    34  stm32f10x_dac.o(.text)
    DAC_DMACmd                               0x08002e03   Thumb Code    38  stm32f10x_dac.o(.text)
    DAC_SoftwareTriggerCmd                   0x08002e29   Thumb Code    48  stm32f10x_dac.o(.text)
    DAC_DualSoftwareTriggerCmd               0x08002e59   Thumb Code    38  stm32f10x_dac.o(.text)
    DAC_WaveGenerationCmd                    0x08002e7f   Thumb Code    36  stm32f10x_dac.o(.text)
    DAC_SetChannel1Data                      0x08002ea3   Thumb Code    26  stm32f10x_dac.o(.text)
    DAC_SetChannel2Data                      0x08002ebd   Thumb Code    26  stm32f10x_dac.o(.text)
    DAC_SetDualChannelData                   0x08002ed7   Thumb Code    32  stm32f10x_dac.o(.text)
    DAC_GetDataOutputValue                   0x08002ef7   Thumb Code    32  stm32f10x_dac.o(.text)
    FLASH_SetLatency                         0x08002f1d   Thumb Code    18  stm32f10x_flash.o(.text)
    FLASH_HalfCycleAccessCmd                 0x08002f2f   Thumb Code    22  stm32f10x_flash.o(.text)
    FLASH_PrefetchBufferCmd                  0x08002f45   Thumb Code    22  stm32f10x_flash.o(.text)
    FLASH_Unlock                             0x08002f5b   Thumb Code    12  stm32f10x_flash.o(.text)
    FLASH_UnlockBank1                        0x08002f67   Thumb Code    12  stm32f10x_flash.o(.text)
    FLASH_Lock                               0x08002f73   Thumb Code    14  stm32f10x_flash.o(.text)
    FLASH_LockBank1                          0x08002f81   Thumb Code    14  stm32f10x_flash.o(.text)
    FLASH_GetBank1Status                     0x08002f8f   Thumb Code    48  stm32f10x_flash.o(.text)
    FLASH_WaitForLastOperation               0x08002fbf   Thumb Code    38  stm32f10x_flash.o(.text)
    FLASH_ErasePage                          0x08002fe5   Thumb Code    72  stm32f10x_flash.o(.text)
    FLASH_EraseAllPages                      0x0800302d   Thumb Code    68  stm32f10x_flash.o(.text)
    FLASH_WaitForLastBank1Operation          0x08003071   Thumb Code    38  stm32f10x_flash.o(.text)
    FLASH_EraseAllBank1Pages                 0x08003097   Thumb Code    68  stm32f10x_flash.o(.text)
    FLASH_GetReadOutProtectionStatus         0x080030db   Thumb Code    20  stm32f10x_flash.o(.text)
    FLASH_EraseOptionBytes                   0x080030ef   Thumb Code   150  stm32f10x_flash.o(.text)
    FLASH_ProgramWord                        0x08003185   Thumb Code   102  stm32f10x_flash.o(.text)
    FLASH_ProgramHalfWord                    0x080031eb   Thumb Code    60  stm32f10x_flash.o(.text)
    FLASH_ProgramOptionByteData              0x08003227   Thumb Code    72  stm32f10x_flash.o(.text)
    FLASH_EnableWriteProtection              0x0800326f   Thumb Code   200  stm32f10x_flash.o(.text)
    FLASH_ReadOutProtection                  0x08003337   Thumb Code   156  stm32f10x_flash.o(.text)
    FLASH_UserOptionByteConfig               0x080033d3   Thumb Code    88  stm32f10x_flash.o(.text)
    FLASH_GetUserOptionByte                  0x0800342b   Thumb Code     8  stm32f10x_flash.o(.text)
    FLASH_GetWriteProtectionOptionByte       0x08003433   Thumb Code     6  stm32f10x_flash.o(.text)
    FLASH_GetPrefetchBufferStatus            0x08003439   Thumb Code    20  stm32f10x_flash.o(.text)
    FLASH_ITConfig                           0x0800344d   Thumb Code    26  stm32f10x_flash.o(.text)
    FLASH_GetFlagStatus                      0x08003467   Thumb Code    42  stm32f10x_flash.o(.text)
    FLASH_ClearFlag                          0x08003491   Thumb Code     6  stm32f10x_flash.o(.text)
    FLASH_GetStatus                          0x08003497   Thumb Code    48  stm32f10x_flash.o(.text)
    TIM_DeInit                               0x080034d9   Thumb Code   424  stm32f10x_tim.o(.text)
    TIM_TimeBaseInit                         0x08003681   Thumb Code   122  stm32f10x_tim.o(.text)
    TIM_OC1Init                              0x080036fb   Thumb Code   132  stm32f10x_tim.o(.text)
    TIM_OC2Init                              0x0800377f   Thumb Code   154  stm32f10x_tim.o(.text)
    TIM_OC3Init                              0x08003819   Thumb Code   150  stm32f10x_tim.o(.text)
    TIM_OC4Init                              0x080038af   Thumb Code   182  stm32f10x_tim.o(.text)
    TIM_SetIC4Prescaler                      0x08003965   Thumb Code    26  stm32f10x_tim.o(.text)
    TIM_SetIC3Prescaler                      0x08003a01   Thumb Code    18  stm32f10x_tim.o(.text)
    TIM_SetIC2Prescaler                      0x08003a8d   Thumb Code    26  stm32f10x_tim.o(.text)
    TIM_SetIC1Prescaler                      0x08003b29   Thumb Code    18  stm32f10x_tim.o(.text)
    TIM_ICInit                               0x08003ba7   Thumb Code   150  stm32f10x_tim.o(.text)
    TIM_PWMIConfig                           0x08003c3d   Thumb Code   124  stm32f10x_tim.o(.text)
    TIM_BDTRConfig                           0x08003cb9   Thumb Code    32  stm32f10x_tim.o(.text)
    TIM_TimeBaseStructInit                   0x08003cd9   Thumb Code    18  stm32f10x_tim.o(.text)
    TIM_OCStructInit                         0x08003ceb   Thumb Code    20  stm32f10x_tim.o(.text)
    TIM_ICStructInit                         0x08003cff   Thumb Code    18  stm32f10x_tim.o(.text)
    TIM_BDTRStructInit                       0x08003d11   Thumb Code    40  stm32f10x_tim.o(.text)
    TIM_Cmd                                  0x08003d39   Thumb Code    24  stm32f10x_tim.o(.text)
    TIM_CtrlPWMOutputs                       0x08003d51   Thumb Code    30  stm32f10x_tim.o(.text)
    TIM_ITConfig                             0x08003d6f   Thumb Code    18  stm32f10x_tim.o(.text)
    TIM_GenerateEvent                        0x08003d81   Thumb Code     4  stm32f10x_tim.o(.text)
    TIM_DMAConfig                            0x08003d85   Thumb Code    10  stm32f10x_tim.o(.text)
    TIM_DMACmd                               0x08003d8f   Thumb Code    18  stm32f10x_tim.o(.text)
    TIM_InternalClockConfig                  0x08003da1   Thumb Code    12  stm32f10x_tim.o(.text)
    TIM_SelectInputTrigger                   0x08003dad   Thumb Code    18  stm32f10x_tim.o(.text)
    TIM_ITRxExternalClockConfig              0x08003dbf   Thumb Code    24  stm32f10x_tim.o(.text)
    TIM_TIxExternalClockConfig               0x08003dd7   Thumb Code    62  stm32f10x_tim.o(.text)
    TIM_ETRConfig                            0x08003e15   Thumb Code    28  stm32f10x_tim.o(.text)
    TIM_ETRClockMode1Config                  0x08003e31   Thumb Code    54  stm32f10x_tim.o(.text)
    TIM_ETRClockMode2Config                  0x08003e67   Thumb Code    32  stm32f10x_tim.o(.text)
    TIM_PrescalerConfig                      0x08003e87   Thumb Code     6  stm32f10x_tim.o(.text)
    TIM_CounterModeConfig                    0x08003e8d   Thumb Code    18  stm32f10x_tim.o(.text)
    TIM_EncoderInterfaceConfig               0x08003e9f   Thumb Code    66  stm32f10x_tim.o(.text)
    TIM_ForcedOC1Config                      0x08003ee1   Thumb Code    18  stm32f10x_tim.o(.text)
    TIM_ForcedOC2Config                      0x08003ef3   Thumb Code    26  stm32f10x_tim.o(.text)
    TIM_ForcedOC3Config                      0x08003f0d   Thumb Code    18  stm32f10x_tim.o(.text)
    TIM_ForcedOC4Config                      0x08003f1f   Thumb Code    26  stm32f10x_tim.o(.text)
    TIM_ARRPreloadConfig                     0x08003f39   Thumb Code    24  stm32f10x_tim.o(.text)
    TIM_SelectCOM                            0x08003f51   Thumb Code    24  stm32f10x_tim.o(.text)
    TIM_SelectCCDMA                          0x08003f69   Thumb Code    24  stm32f10x_tim.o(.text)
    TIM_CCPreloadControl                     0x08003f81   Thumb Code    24  stm32f10x_tim.o(.text)
    TIM_OC1PreloadConfig                     0x08003f99   Thumb Code    18  stm32f10x_tim.o(.text)
    TIM_OC2PreloadConfig                     0x08003fab   Thumb Code    26  stm32f10x_tim.o(.text)
    TIM_OC3PreloadConfig                     0x08003fc5   Thumb Code    18  stm32f10x_tim.o(.text)
    TIM_OC4PreloadConfig                     0x08003fd7   Thumb Code    26  stm32f10x_tim.o(.text)
    TIM_OC1FastConfig                        0x08003ff1   Thumb Code    18  stm32f10x_tim.o(.text)
    TIM_OC2FastConfig                        0x08004003   Thumb Code    26  stm32f10x_tim.o(.text)
    TIM_OC3FastConfig                        0x0800401d   Thumb Code    18  stm32f10x_tim.o(.text)
    TIM_OC4FastConfig                        0x0800402f   Thumb Code    26  stm32f10x_tim.o(.text)
    TIM_ClearOC1Ref                          0x08004049   Thumb Code    18  stm32f10x_tim.o(.text)
    TIM_ClearOC2Ref                          0x0800405b   Thumb Code    24  stm32f10x_tim.o(.text)
    TIM_ClearOC3Ref                          0x08004073   Thumb Code    18  stm32f10x_tim.o(.text)
    TIM_ClearOC4Ref                          0x08004085   Thumb Code    24  stm32f10x_tim.o(.text)
    TIM_OC1PolarityConfig                    0x0800409d   Thumb Code    18  stm32f10x_tim.o(.text)
    TIM_OC1NPolarityConfig                   0x080040af   Thumb Code    18  stm32f10x_tim.o(.text)
    TIM_OC2PolarityConfig                    0x080040c1   Thumb Code    26  stm32f10x_tim.o(.text)
    TIM_OC2NPolarityConfig                   0x080040db   Thumb Code    26  stm32f10x_tim.o(.text)
    TIM_OC3PolarityConfig                    0x080040f5   Thumb Code    26  stm32f10x_tim.o(.text)
    TIM_OC3NPolarityConfig                   0x0800410f   Thumb Code    26  stm32f10x_tim.o(.text)
    TIM_OC4PolarityConfig                    0x08004129   Thumb Code    26  stm32f10x_tim.o(.text)
    TIM_CCxCmd                               0x08004143   Thumb Code    30  stm32f10x_tim.o(.text)
    TIM_CCxNCmd                              0x08004161   Thumb Code    30  stm32f10x_tim.o(.text)
    TIM_SelectOCxM                           0x0800417f   Thumb Code    82  stm32f10x_tim.o(.text)
    TIM_UpdateDisableConfig                  0x080041d1   Thumb Code    24  stm32f10x_tim.o(.text)
    TIM_UpdateRequestConfig                  0x080041e9   Thumb Code    24  stm32f10x_tim.o(.text)
    TIM_SelectHallSensor                     0x08004201   Thumb Code    24  stm32f10x_tim.o(.text)
    TIM_SelectOnePulseMode                   0x08004219   Thumb Code    18  stm32f10x_tim.o(.text)
    TIM_SelectOutputTrigger                  0x0800422b   Thumb Code    18  stm32f10x_tim.o(.text)
    TIM_SelectSlaveMode                      0x0800423d   Thumb Code    18  stm32f10x_tim.o(.text)
    TIM_SelectMasterSlaveMode                0x0800424f   Thumb Code    18  stm32f10x_tim.o(.text)
    TIM_SetCounter                           0x08004261   Thumb Code     4  stm32f10x_tim.o(.text)
    TIM_SetAutoreload                        0x08004265   Thumb Code     4  stm32f10x_tim.o(.text)
    TIM_SetCompare1                          0x08004269   Thumb Code     4  stm32f10x_tim.o(.text)
    TIM_SetCompare2                          0x0800426d   Thumb Code     4  stm32f10x_tim.o(.text)
    TIM_SetCompare3                          0x08004271   Thumb Code     4  stm32f10x_tim.o(.text)
    TIM_SetCompare4                          0x08004275   Thumb Code     6  stm32f10x_tim.o(.text)
    TIM_SetClockDivision                     0x0800427b   Thumb Code    18  stm32f10x_tim.o(.text)
    TIM_GetCapture1                          0x0800428d   Thumb Code     6  stm32f10x_tim.o(.text)
    TIM_GetCapture2                          0x08004293   Thumb Code     6  stm32f10x_tim.o(.text)
    TIM_GetCapture3                          0x08004299   Thumb Code     6  stm32f10x_tim.o(.text)
    TIM_GetCapture4                          0x0800429f   Thumb Code     8  stm32f10x_tim.o(.text)
    TIM_GetCounter                           0x080042a7   Thumb Code     6  stm32f10x_tim.o(.text)
    TIM_GetPrescaler                         0x080042ad   Thumb Code     6  stm32f10x_tim.o(.text)
    TIM_GetFlagStatus                        0x080042b3   Thumb Code    18  stm32f10x_tim.o(.text)
    TIM_ClearFlag                            0x080042c5   Thumb Code     6  stm32f10x_tim.o(.text)
    TIM_GetITStatus                          0x080042cb   Thumb Code    34  stm32f10x_tim.o(.text)
    TIM_ClearITPendingBit                    0x080042ed   Thumb Code     6  stm32f10x_tim.o(.text)
    us_uart_checksum                         0x080042f5   Thumb Code    80  us_can_zyt.o(.text)
    us_usart_trans                           0x08004345   Thumb Code    92  us_can_zyt.o(.text)
    us_usart_receivedata                     0x080043a1   Thumb Code    56  us_can_zyt.o(.text)
    cp_mcu_delay_ms                          0x080043f1   Thumb Code    32  us_mcu_transfer.o(.text)
    us_mcu_rc_buff_init                      0x08004411   Thumb Code    12  us_mcu_transfer.o(.text)
    us_mcu_rc_buff_enter                     0x0800441d   Thumb Code   122  us_mcu_transfer.o(.text)
    us_dev_error                             0x08004497   Thumb Code    72  us_mcu_transfer.o(.text)
    us_mcu_uart_coder                        0x080044df   Thumb Code    94  us_mcu_transfer.o(.text)
    sjs_marm_usb_send                        0x0800453d   Thumb Code    82  us_mcu_transfer.o(.text)
    sjs_robot_encoder_send                   0x0800458f   Thumb Code    92  us_mcu_transfer.o(.text)
    sjs_robot_ULT_send                       0x080045eb   Thumb Code    90  us_mcu_transfer.o(.text)
    us_usart_rc_buff_enter                   0x08004645   Thumb Code    94  us_mcu_transfer.o(.text)
    us_usart_rc_buff_delete                  0x080046a3   Thumb Code    64  us_mcu_transfer.o(.text)
    us_mcu_rc_buff_delete                    0x080046e3   Thumb Code    76  us_mcu_transfer.o(.text)
    us_mcu_usb_send                          0x0800472f   Thumb Code    20  us_mcu_transfer.o(.text)
    us_mcu_id_get                            0x08004743   Thumb Code    28  us_mcu_transfer.o(.text)
    us_dev_trans_config                      0x0800475f   Thumb Code   210  us_mcu_transfer.o(.text)
    us_mcu_input_data                        0x08004831   Thumb Code   132  us_mcu_transfer.o(.text)
    us_mcu_aes_trans                         0x080048b5   Thumb Code   156  us_mcu_transfer.o(.text)
    us_mcu_write_coderid                     0x08004951   Thumb Code    30  us_mcu_transfer.o(.text)
    us_mcu_rsa_config                        0x0800496f   Thumb Code    98  us_mcu_transfer.o(.text)
    us_mcu_flash_load                        0x080049d1   Thumb Code    36  us_mcu_transfer.o(.text)
    us_mcu_flash_store                       0x080049f5   Thumb Code    84  us_mcu_transfer.o(.text)
    us_mcu_flash_fill                        0x08004a49   Thumb Code    94  us_mcu_transfer.o(.text)
    us_mcu_flash_fetch                       0x08004aa7   Thumb Code   178  us_mcu_transfer.o(.text)
    us_dev_host_id_get                       0x08004b59   Thumb Code    58  us_mcu_transfer.o(.text)
    sjs_dac_pwr_on                           0x08004b93   Thumb Code     2  us_mcu_transfer.o(.text)
    sjs_dac_pwr_off                          0x08004b95   Thumb Code     2  us_mcu_transfer.o(.text)
    sns_mcu_dac_decoder                      0x08004b97   Thumb Code   352  us_mcu_transfer.o(.text)
    sns_mcu_sensor_decoder                   0x08004cf7   Thumb Code   122  us_mcu_transfer.o(.text)
    sjs_marm_pwr                             0x08004d71   Thumb Code   292  us_mcu_transfer.o(.text)
    sjs_marm_pwr_enable                      0x08004e95   Thumb Code    40  us_mcu_transfer.o(.text)
    sjs_marm_dir                             0x08004ebd   Thumb Code   178  us_mcu_transfer.o(.text)
    sjs_marm_dir_decoder                     0x08004f6f   Thumb Code    28  us_mcu_transfer.o(.text)
    sjs_marm_speed_decoder                   0x08004f8b   Thumb Code    82  us_mcu_transfer.o(.text)
    sjs_marm_ctrl                            0x08004fdd   Thumb Code   674  us_mcu_transfer.o(.text)
    robot_mcu_joystick_decoder               0x0800527f   Thumb Code   116  us_mcu_transfer.o(.text)
    sjs_mcu_id_get                           0x080052f3   Thumb Code   104  us_mcu_transfer.o(.text)
    us_mcu_recave                            0x0800535b   Thumb Code   268  us_mcu_transfer.o(.text)
    USB_SendData                             0x080054c5   Thumb Code    36  usbio.o(.text)
    USB_GetData                              0x080054e9   Thumb Code    32  usbio.o(.text)
    us_mcu_link_check                        0x0800550d   Thumb Code   110  timer_interrupt.o(.text)
    us_mcu_ping                              0x0800557b   Thumb Code    42  timer_interrupt.o(.text)
    us_mcu_usart_timeout                     0x080055a5   Thumb Code    48  timer_interrupt.o(.text)
    us_mcu_g_sensor_timeout                  0x080055d5   Thumb Code    40  timer_interrupt.o(.text)
    TIM2_IRQHandler                          0x080055fd   Thumb Code    48  timer_interrupt.o(.text)
    TIM5_IRQHandler                          0x0800562d   Thumb Code    22  timer_interrupt.o(.text)
    TIM6_IRQHandler                          0x08005643   Thumb Code   160  timer_interrupt.o(.text)
    PID_calculate                            0x08005729   Thumb Code   198  pid.o(.text)
    odometry                                 0x08005805   Thumb Code   532  odometry.o(.text)
    imu_rev_get_data                         0x08005a89   Thumb Code   226  imu_uranus.o(.text)
    imu_rev_process                          0x08005b6b   Thumb Code   136  imu_uranus.o(.text)
    MCUAuthenticateEncode                    0x08005c0d   Thumb Code    64  libmcuauthenticate.o(.text)
    us_mcu_aes_init                          0x08005c59   Thumb Code     8  us_aes_func.o(.text)
    STM32_AES_CTR_Encrypt                    0x08005c61   Thumb Code   112  us_aes_func.o(.text)
    STM32_AES_CTR_Decrypt                    0x08005cd1   Thumb Code   112  us_aes_func.o(.text)
    STM32_AES_CBC_Encrypt                    0x08005d41   Thumb Code   112  us_aes_func.o(.text)
    STM32_AES_CBC_Decrypt                    0x08005db1   Thumb Code   112  us_aes_func.o(.text)
    Standard_GetConfiguration                0x08005e21   Thumb Code    34  usb_core.o(.text)
    Standard_SetConfiguration                0x08005e43   Thumb Code    60  usb_core.o(.text)
    Standard_GetInterface                    0x08005e7f   Thumb Code    34  usb_core.o(.text)
    Standard_SetInterface                    0x08005ea1   Thumb Code    96  usb_core.o(.text)
    Standard_GetStatus                       0x08005f01   Thumb Code   238  usb_core.o(.text)
    Standard_ClearFeature                    0x08005fef   Thumb Code   342  usb_core.o(.text)
    Standard_SetEndPointFeature              0x08006145   Thumb Code   220  usb_core.o(.text)
    Standard_SetDeviceFeature                0x08006221   Thumb Code    30  usb_core.o(.text)
    Standard_GetDescriptorData               0x0800623f   Thumb Code    32  usb_core.o(.text)
    Post0_Process                            0x08006773   Thumb Code    54  usb_core.o(.text)
    Setup0_Process                           0x080067a9   Thumb Code   170  usb_core.o(.text)
    SetDeviceAddress                         0x08006853   Thumb Code    70  usb_core.o(.text)
    In0_Process                              0x08006899   Thumb Code    98  usb_core.o(.text)
    Out0_Process                             0x080068fb   Thumb Code    70  usb_core.o(.text)
    NOP_Process                              0x08006941   Thumb Code     2  usb_core.o(.text)
    CTR_LP                                   0x08006971   Thumb Code   616  usb_int.o(.text)
    CTR_HP                                   0x08006bd9   Thumb Code   178  usb_int.o(.text)
    UserToPMABufferCopy                      0x08006cad   Thumb Code    52  usb_mem.o(.text)
    PMAToUserBufferCopy                      0x08006ce1   Thumb Code    34  usb_mem.o(.text)
    SetCNTR                                  0x08006d09   Thumb Code     6  usb_regs.o(.text)
    GetCNTR                                  0x08006d0f   Thumb Code     8  usb_regs.o(.text)
    SetISTR                                  0x08006d17   Thumb Code     8  usb_regs.o(.text)
    GetISTR                                  0x08006d1f   Thumb Code    10  usb_regs.o(.text)
    GetFNR                                   0x08006d29   Thumb Code    10  usb_regs.o(.text)
    SetDADDR                                 0x08006d33   Thumb Code     8  usb_regs.o(.text)
    GetDADDR                                 0x08006d3b   Thumb Code    10  usb_regs.o(.text)
    SetBTABLE                                0x08006d45   Thumb Code    14  usb_regs.o(.text)
    GetBTABLE                                0x08006d53   Thumb Code    10  usb_regs.o(.text)
    SetENDPOINT                              0x08006d5d   Thumb Code    12  usb_regs.o(.text)
    GetENDPOINT                              0x08006d69   Thumb Code    16  usb_regs.o(.text)
    SetEPType                                0x08006d79   Thumb Code    32  usb_regs.o(.text)
    GetEPType                                0x08006d99   Thumb Code    18  usb_regs.o(.text)
    SetEPTxStatus                            0x08006dab   Thumb Code    60  usb_regs.o(.text)
    SetEPRxStatus                            0x08006de7   Thumb Code    60  usb_regs.o(.text)
    SetDouBleBuffEPStall                     0x08006e23   Thumb Code    54  usb_regs.o(.text)
    GetEPTxStatus                            0x08006e59   Thumb Code    18  usb_regs.o(.text)
    GetEPRxStatus                            0x08006e6b   Thumb Code    18  usb_regs.o(.text)
    SetEPTxValid                             0x08006e7d   Thumb Code    48  usb_regs.o(.text)
    SetEPRxValid                             0x08006ead   Thumb Code    48  usb_regs.o(.text)
    SetEP_KIND                               0x08006edd   Thumb Code    38  usb_regs.o(.text)
    ClearEP_KIND                             0x08006f03   Thumb Code    34  usb_regs.o(.text)
    Clear_Status_Out                         0x08006f25   Thumb Code    34  usb_regs.o(.text)
    Set_Status_Out                           0x08006f47   Thumb Code    38  usb_regs.o(.text)
    SetEPDoubleBuff                          0x08006f6d   Thumb Code    38  usb_regs.o(.text)
    ClearEPDoubleBuff                        0x08006f93   Thumb Code    34  usb_regs.o(.text)
    GetTxStallStatus                         0x08006fb5   Thumb Code    28  usb_regs.o(.text)
    GetRxStallStatus                         0x08006fd1   Thumb Code    30  usb_regs.o(.text)
    ClearEP_CTR_RX                           0x08006fef   Thumb Code    32  usb_regs.o(.text)
    ClearEP_CTR_TX                           0x0800700f   Thumb Code    28  usb_regs.o(.text)
    ToggleDTOG_RX                            0x0800702b   Thumb Code    34  usb_regs.o(.text)
    ToggleDTOG_TX                            0x0800704d   Thumb Code    34  usb_regs.o(.text)
    ClearDTOG_RX                             0x0800706f   Thumb Code    48  usb_regs.o(.text)
    ClearDTOG_TX                             0x0800709f   Thumb Code    48  usb_regs.o(.text)
    SetEPAddress                             0x080070cf   Thumb Code    46  usb_regs.o(.text)
    GetEPAddress                             0x080070fd   Thumb Code    18  usb_regs.o(.text)
    SetEPTxAddr                              0x0800710f   Thumb Code    24  usb_regs.o(.text)
    SetEPRxAddr                              0x08007127   Thumb Code    26  usb_regs.o(.text)
    GetEPTxAddr                              0x08007141   Thumb Code    22  usb_regs.o(.text)
    GetEPRxAddr                              0x08007157   Thumb Code    24  usb_regs.o(.text)
    SetEPTxCount                             0x0800716f   Thumb Code    20  usb_regs.o(.text)
    SetEPCountRxReg                          0x08007183   Thumb Code    48  usb_regs.o(.text)
    SetEPRxCount                             0x080071b3   Thumb Code    68  usb_regs.o(.text)
    GetEPTxCount                             0x080071f7   Thumb Code    26  usb_regs.o(.text)
    GetEPRxCount                             0x08007211   Thumb Code    26  usb_regs.o(.text)
    SetEPDblBuffAddr                         0x0800722b   Thumb Code    44  usb_regs.o(.text)
    SetEPDblBuf0Addr                         0x08007257   Thumb Code    24  usb_regs.o(.text)
    SetEPDblBuf1Addr                         0x0800726f   Thumb Code    26  usb_regs.o(.text)
    GetEPDblBuf0Addr                         0x08007289   Thumb Code    22  usb_regs.o(.text)
    GetEPDblBuf1Addr                         0x0800729f   Thumb Code    24  usb_regs.o(.text)
    SetEPDblBuffCount                        0x080072b7   Thumb Code   186  usb_regs.o(.text)
    SetEPDblBuf0Count                        0x08007371   Thumb Code    96  usb_regs.o(.text)
    SetEPDblBuf1Count                        0x080073d1   Thumb Code    96  usb_regs.o(.text)
    GetEPDblBuf0Count                        0x08007431   Thumb Code    26  usb_regs.o(.text)
    GetEPDblBuf1Count                        0x0800744b   Thumb Code    26  usb_regs.o(.text)
    GetEPDblBufDir                           0x08007465   Thumb Code    62  usb_regs.o(.text)
    FreeUserBuffer                           0x080074a3   Thumb Code    90  usb_regs.o(.text)
    ToWord                                   0x080074fd   Thumb Code     8  usb_regs.o(.text)
    ByteSwap                                 0x08007505   Thumb Code    12  usb_regs.o(.text)
    USB_SIL_Init                             0x08007511   Thumb Code    28  usb_sil.o(.text)
    USB_SIL_Write                            0x0800752d   Thumb Code    46  usb_sil.o(.text)
    USB_SIL_Read                             0x0800755b   Thumb Code    46  usb_sil.o(.text)
    EP1_IN_Callback                          0x08007591   Thumb Code     2  usb_endp.o(.text)
    EP1_OUT_Callback                         0x08007593   Thumb Code     8  usb_endp.o(.text)
    EP2_IN_Callback                          0x0800759b   Thumb Code     2  usb_endp.o(.text)
    USB_Istr                                 0x0800759d   Thumb Code   222  usb_istr.o(.text)
    CustomHID_init                           0x08007695   Thumb Code    30  usb_prop.o(.text)
    CustomHID_Reset                          0x080076b3   Thumb Code   182  usb_prop.o(.text)
    CustomHID_SetConfiguration               0x08007769   Thumb Code    14  usb_prop.o(.text)
    CustomHID_SetDeviceAddress               0x08007777   Thumb Code     8  usb_prop.o(.text)
    CustomHID_Status_In                      0x0800777f   Thumb Code     2  usb_prop.o(.text)
    CustomHID_Status_Out                     0x08007781   Thumb Code     2  usb_prop.o(.text)
    CustomHID_GetProtocolValue               0x08007783   Thumb Code    20  usb_prop.o(.text)
    CustomHID_GetHIDDescriptor               0x08007797   Thumb Code    14  usb_prop.o(.text)
    CustomHID_GetReportDescriptor            0x080077a5   Thumb Code    14  usb_prop.o(.text)
    CustomHID_Data_Setup                     0x080077b3   Thumb Code   114  usb_prop.o(.text)
    CustomHID_SetProtocol                    0x08007825   Thumb Code    14  usb_prop.o(.text)
    CustomHID_NoData_Setup                   0x08007833   Thumb Code    32  usb_prop.o(.text)
    CustomHID_GetDeviceDescriptor            0x08007853   Thumb Code    14  usb_prop.o(.text)
    CustomHID_GetConfigDescriptor            0x08007861   Thumb Code    14  usb_prop.o(.text)
    CustomHID_GetStringDescriptor            0x0800786f   Thumb Code    32  usb_prop.o(.text)
    CustomHID_Get_Interface_Setting          0x0800788f   Thumb Code    22  usb_prop.o(.text)
    PowerOn                                  0x080078d1   Thumb Code    54  usb_pwr.o(.text)
    PowerOff                                 0x08007907   Thumb Code    28  usb_pwr.o(.text)
    Suspend                                  0x08007923   Thumb Code    34  usb_pwr.o(.text)
    Resume_Init                              0x08007945   Thumb Code    30  usb_pwr.o(.text)
    Resume                                   0x08007963   Thumb Code   168  usb_pwr.o(.text)
    iNEMO_AHRS_Init                          0x08007a19   Thumb Code   458  inemo_ahrs.o(.text)
    iNEMO_AHRS_DeInit                        0x08007be3   Thumb Code    82  inemo_ahrs.o(.text)
    iNEMO_AHRS_Update                        0x08007c35   Thumb Code  4144  inemo_ahrs.o(.text)
    iNEMO_Malloc                             0x08008c69   Thumb Code    12  inemo_ahrs_memman_1.o(.text)
    iNEMO_Free                               0x08008c75   Thumb Code    12  inemo_ahrs_memman_1.o(.text)
    iNEMO_PropagateP                         0x08008c81   Thumb Code    74  inemo_ekf.o(.text)
    iNEMO_CalculateK                         0x08008ccb   Thumb Code   136  inemo_ekf.o(.text)
    iNEMO_UpdateP                            0x08008d53   Thumb Code    98  inemo_ekf.o(.text)
    iNEMO_fMatCreate                         0x08008db5   Thumb Code    70  inemo_math.o(.text)
    iNEMO_sMatCreate                         0x08008dfb   Thumb Code    70  inemo_math.o(.text)
    iNEMO_fMatCreateInit                     0x08008e41   Thumb Code   146  inemo_math.o(.text)
    iNEMO_fMatFill                           0x08008ed3   Thumb Code    44  inemo_math.o(.text)
    iNEMO_fMatFree                           0x08008eff   Thumb Code    50  inemo_math.o(.text)
    iNEMO_sMatFree                           0x08008f31   Thumb Code    50  inemo_math.o(.text)
    iNEMO_fMatCopy                           0x08008f63   Thumb Code    84  inemo_math.o(.text)
    iNEMO_fMatAdd                            0x08008fb7   Thumb Code   108  inemo_math.o(.text)
    iNEMO_fMatSub                            0x08009023   Thumb Code   108  inemo_math.o(.text)
    iNEMO_fMatMulMat                         0x0800908f   Thumb Code   156  inemo_math.o(.text)
    iNEMO_fMatMulMatMT                       0x0800912b   Thumb Code   156  inemo_math.o(.text)
    iNEMO_MatBackSubs                        0x080091c7   Thumb Code   346  inemo_math.o(.text)
    iNEMO_MatLUP                             0x08009321   Thumb Code   422  inemo_math.o(.text)
    iNEMO_fMatInv                            0x080094c7   Thumb Code   192  inemo_math.o(.text)
    iNEMO_WrapAround                         0x08009587   Thumb Code    48  inemo_math.o(.text)
    __aeabi_uldivmod                         0x080095c5   Thumb Code    98  uldiv.o(.text)
    __aeabi_ldivmod                          0x08009627   Thumb Code    90  ldiv.o(.text)
    __aeabi_memcpy                           0x08009681   Thumb Code    36  memcpya.o(.text)
    __aeabi_memcpy4                          0x08009681   Thumb Code     0  memcpya.o(.text)
    __aeabi_memcpy8                          0x08009681   Thumb Code     0  memcpya.o(.text)
    __aeabi_memset                           0x080096a5   Thumb Code    14  memseta.o(.text)
    __aeabi_memset4                          0x080096a5   Thumb Code     0  memseta.o(.text)
    __aeabi_memset8                          0x080096a5   Thumb Code     0  memseta.o(.text)
    __aeabi_memclr                           0x080096b3   Thumb Code     4  memseta.o(.text)
    __aeabi_memclr4                          0x080096b3   Thumb Code     0  memseta.o(.text)
    __aeabi_memclr8                          0x080096b3   Thumb Code     0  memseta.o(.text)
    _memset$wrapper                          0x080096b7   Thumb Code    18  memseta.o(.text)
    strlen                                   0x080096c9   Thumb Code    14  strlen.o(.text)
    __aeabi_fadd                             0x080096d7   Thumb Code   164  fadd.o(.text)
    __aeabi_fsub                             0x0800977b   Thumb Code     6  fadd.o(.text)
    __aeabi_frsub                            0x08009781   Thumb Code     6  fadd.o(.text)
    __aeabi_fmul                             0x08009787   Thumb Code   100  fmul.o(.text)
    __aeabi_fdiv                             0x080097eb   Thumb Code   124  fdiv.o(.text)
    __aeabi_dadd                             0x08009867   Thumb Code   322  dadd.o(.text)
    __aeabi_dsub                             0x080099a9   Thumb Code     6  dadd.o(.text)
    __aeabi_drsub                            0x080099af   Thumb Code     6  dadd.o(.text)
    __aeabi_dmul                             0x080099b5   Thumb Code   228  dmul.o(.text)
    __aeabi_ddiv                             0x08009a99   Thumb Code   222  ddiv.o(.text)
    __aeabi_i2f                              0x08009b77   Thumb Code    18  fflti.o(.text)
    __aeabi_ui2f                             0x08009b89   Thumb Code    10  ffltui.o(.text)
    __aeabi_i2d                              0x08009b93   Thumb Code    34  dflti.o(.text)
    __aeabi_ui2d                             0x08009bb5   Thumb Code    26  dfltui.o(.text)
    __aeabi_f2iz                             0x08009bcf   Thumb Code    50  ffixi.o(.text)
    __aeabi_f2uiz                            0x08009c01   Thumb Code    40  ffixui.o(.text)
    __aeabi_d2uiz                            0x08009c29   Thumb Code    50  dfixui.o(.text)
    __aeabi_f2d                              0x08009c5b   Thumb Code    38  f2d.o(.text)
    __aeabi_d2f                              0x08009c81   Thumb Code    56  d2f.o(.text)
    __aeabi_cfcmpeq                          0x08009cb9   Thumb Code     0  cfcmple.o(.text)
    __aeabi_cfcmple                          0x08009cb9   Thumb Code    20  cfcmple.o(.text)
    __aeabi_cfrcmple                         0x08009ccd   Thumb Code    20  cfrcmple.o(.text)
    __aeabi_uidiv                            0x08009ce1   Thumb Code     0  uidiv.o(.text)
    __aeabi_uidivmod                         0x08009ce1   Thumb Code    44  uidiv.o(.text)
    __aeabi_llsl                             0x08009d0d   Thumb Code    30  llshl.o(.text)
    _ll_shift_l                              0x08009d0d   Thumb Code     0  llshl.o(.text)
    __aeabi_llsr                             0x08009d2b   Thumb Code    32  llushr.o(.text)
    _ll_ushift_r                             0x08009d2b   Thumb Code     0  llushr.o(.text)
    __aeabi_lasr                             0x08009d4b   Thumb Code    36  llsshr.o(.text)
    _ll_sshift_r                             0x08009d4b   Thumb Code     0  llsshr.o(.text)
    __I$use$fp                               0x08009d6f   Thumb Code     0  iusefp.o(.text)
    _float_round                             0x08009d6f   Thumb Code    18  fepilogue.o(.text)
    _float_epilogue                          0x08009d81   Thumb Code    92  fepilogue.o(.text)
    _double_round                            0x08009ddd   Thumb Code    26  depilogue.o(.text)
    _double_epilogue                         0x08009df7   Thumb Code   156  depilogue.o(.text)
    __ARM_scalbn                             0x08009e93   Thumb Code    46  dscalb.o(.text)
    scalbn                                   0x08009e93   Thumb Code     0  dscalb.o(.text)
    _dsqrt                                   0x08009ec1   Thumb Code   162  dsqrt.o(.text)
    __scatterload                            0x08009f65   Thumb Code    28  init.o(.text)
    __scatterload_rt2                        0x08009f65   Thumb Code     0  init.o(.text)
    __aeabi_d2iz                             0x08009f89   Thumb Code    62  dfixi.o(.text)
    __decompress                             0x08009fc7   Thumb Code     0  __dczerorl2.o(.text)
    __decompress1                            0x08009fc7   Thumb Code    86  __dczerorl2.o(.text)
    AES128_decrypt                           0x0800a01d   Thumb Code   774  crypto.o(i.AES128_decrypt)
    AES128_encrypt                           0x0800a331   Thumb Code   770  crypto.o(i.AES128_encrypt)
    AES128_keyschedule_dec                   0x0800a641   Thumb Code   298  crypto.o(i.AES128_keyschedule_dec)
    AES128_keyschedule_enc                   0x0800a771   Thumb Code   112  crypto.o(i.AES128_keyschedule_enc)
    AES192_decrypt                           0x0800a7e5   Thumb Code   770  crypto.o(i.AES192_decrypt)
    AES192_encrypt                           0x0800aaf5   Thumb Code   770  crypto.o(i.AES192_encrypt)
    AES192_keyschedule_dec                   0x0800ae05   Thumb Code   274  crypto.o(i.AES192_keyschedule_dec)
    AES192_keyschedule_enc                   0x0800af1d   Thumb Code   148  crypto.o(i.AES192_keyschedule_enc)
    AES256_decrypt                           0x0800afb5   Thumb Code   774  crypto.o(i.AES256_decrypt)
    AES256_encrypt                           0x0800b2c9   Thumb Code   756  crypto.o(i.AES256_encrypt)
    AES256_keyschedule_dec                   0x0800b5c9   Thumb Code   274  crypto.o(i.AES256_keyschedule_dec)
    AES256_keyschedule_enc                   0x0800b6e1   Thumb Code   210  crypto.o(i.AES256_keyschedule_enc)
    AES_CBC_Decrypt_Append                   0x0800b7bd   Thumb Code   658  crypto.o(i.AES_CBC_Decrypt_Append)
    AES_CBC_Decrypt_Finish                   0x0800ba4f   Thumb Code    26  crypto.o(i.AES_CBC_Decrypt_Finish)
    AES_CBC_Decrypt_Init                     0x0800ba69   Thumb Code     6  crypto.o(i.AES_CBC_Decrypt_Init)
    AES_CBC_Encrypt_Append                   0x0800ba71   Thumb Code   514  crypto.o(i.AES_CBC_Encrypt_Append)
    AES_CBC_Encrypt_Finish                   0x0800bc73   Thumb Code    26  crypto.o(i.AES_CBC_Encrypt_Finish)
    AES_CBC_Encrypt_Init                     0x0800bc8d   Thumb Code     6  crypto.o(i.AES_CBC_Encrypt_Init)
    AES_CTR_Decrypt_Append                   0x0800bc93   Thumb Code    16  crypto.o(i.AES_CTR_Decrypt_Append)
    AES_CTR_Decrypt_Finish                   0x0800bca3   Thumb Code    26  crypto.o(i.AES_CTR_Decrypt_Finish)
    AES_CTR_Decrypt_Init                     0x0800bcbd   Thumb Code     6  crypto.o(i.AES_CTR_Decrypt_Init)
    AES_CTR_Encrypt_Append                   0x0800bcc5   Thumb Code   694  crypto.o(i.AES_CTR_Encrypt_Append)
    AES_CTR_Encrypt_Finish                   0x0800bf81   Thumb Code    26  crypto.o(i.AES_CTR_Encrypt_Finish)
    AES_CTR_Encrypt_Init                     0x0800bf9b   Thumb Code     6  crypto.o(i.AES_CTR_Encrypt_Init)
    Crypto_DeInit                            0x0800c145   Thumb Code     8  crypto.o(i.Crypto_DeInit)
    __0printf$3                              0x0800c14d   Thumb Code    22  printf3.o(i.__0printf$3)
    __1printf$3                              0x0800c14d   Thumb Code     0  printf3.o(i.__0printf$3)
    __2printf                                0x0800c14d   Thumb Code     0  printf3.o(i.__0printf$3)
    __0sprintf$3                             0x0800c16d   Thumb Code    34  printf3.o(i.__0sprintf$3)
    __1sprintf$3                             0x0800c16d   Thumb Code     0  printf3.o(i.__0sprintf$3)
    __2sprintf                               0x0800c16d   Thumb Code     0  printf3.o(i.__0sprintf$3)
    __ARM_fpclassify                         0x0800c195   Thumb Code    40  fpclassify.o(i.__ARM_fpclassify)
    __ieee754_rem_pio2                       0x0800c1bd   Thumb Code   830  rred.o(i.__ieee754_rem_pio2)
    __kernel_cos                             0x0800c545   Thumb Code   230  cos_i.o(i.__kernel_cos)
    __kernel_poly                            0x0800c641   Thumb Code   170  poly.o(i.__kernel_poly)
    __kernel_sin                             0x0800c6ed   Thumb Code   224  sin_i.o(i.__kernel_sin)
    __mathlib_dbl_underflow                  0x0800c7d9   Thumb Code    10  dunder.o(i.__mathlib_dbl_underflow)
    __scatterload_copy                       0x0800c7e9   Thumb Code    14  handlers.o(i.__scatterload_copy)
    __scatterload_null                       0x0800c7f7   Thumb Code     2  handlers.o(i.__scatterload_null)
    __scatterload_zeroinit                   0x0800c7f9   Thumb Code    14  handlers.o(i.__scatterload_zeroinit)
    __set_errno                              0x0800c809   Thumb Code     6  errno.o(i.__set_errno)
    asin                                     0x0800c9d9   Thumb Code   584  asin.o(i.asin)
    atan                                     0x0800cc55   Thumb Code   478  atan.o(i.atan)
    atan2                                    0x0800ce79   Thumb Code   346  atan2.o(i.atan2)
    cos                                      0x0800cff9   Thumb Code   164  cos.o(i.cos)
    free                                     0x0800d0a5   Thumb Code    76  malloc.o(i.free)
    malloc                                   0x0800d0f5   Thumb Code    92  malloc.o(i.malloc)
    sin                                      0x0800d161   Thumb Code   166  sin.o(i.sin)
    sqrt                                     0x0800d211   Thumb Code    76  sqrt.o(i.sqrt)
    CustomHID_DeviceDescriptor               0x0800d2fc   Data          18  usb_desc.o(.constdata)
    CustomHID_ConfigDescriptor               0x0800d30e   Data          41  usb_desc.o(.constdata)
    CustomHID_ReportDescriptor               0x0800d337   Data          33  usb_desc.o(.constdata)
    CustomHID_StringLangID                   0x0800d358   Data           4  usb_desc.o(.constdata)
    CustomHID_StringVendor                   0x0800d35c   Data          20  usb_desc.o(.constdata)
    CustomHID_StringProduct                  0x0800d370   Data          24  usb_desc.o(.constdata)
    Sbox                                     0x0800d388   Data         256  crypto.o(.constdata)
    InvSbox                                  0x0800d488   Data         256  crypto.o(.constdata)
    rcon                                     0x0800d588   Data          40  crypto.o(.constdata)
    enc_table                                0x0800d5b0   Data        1024  crypto.o(.constdata)
    dec_table                                0x0800d9b0   Data        1024  crypto.o(.constdata)
    SP1                                      0x0800dfd0   Data         256  crypto.o(.constdata)
    SP2                                      0x0800e0d0   Data         256  crypto.o(.constdata)
    SP3                                      0x0800e1d0   Data         256  crypto.o(.constdata)
    SP4                                      0x0800e2d0   Data         256  crypto.o(.constdata)
    SP5                                      0x0800e3d0   Data         256  crypto.o(.constdata)
    SP6                                      0x0800e4d0   Data         256  crypto.o(.constdata)
    SP7                                      0x0800e5d0   Data         256  crypto.o(.constdata)
    SP8                                      0x0800e6d0   Data         256  crypto.o(.constdata)
    K256                                     0x0800e7d0   Data         256  crypto.o(.constdata)
    __mathlib_zero                           0x0800ec38   Data           8  qnan.o(.constdata)
    Region$$Table$$Base                      0x0800ed30   Number         0  anon$$obj.o(Region$$Table)
    Region$$Table$$Limit                     0x0800ed50   Number         0  anon$$obj.o(Region$$Table)
    main_sta                                 0x20000000   Data           1  main.o(.data)
    OUTPUT_BUFFER                            0x20000002   Data          40  main.o(.data)
    OUTPUT_BUFFER2                           0x2000002a   Data          40  main.o(.data)
    SystemCoreClock                          0x20000054   Data           4  system_stm32f10x.o(.data)
    AHBPrescTable                            0x20000058   Data          16  system_stm32f10x.o(.data)
    HSEStartUpStatus                         0x20000068   Data           1  bsp_init.o(.data)
    Gyro_Xout                                0x2000006c   Data           2  iic_mpu9250.o(.data)
    Gyro_Yout                                0x2000006e   Data           2  iic_mpu9250.o(.data)
    Gyro_Zout                                0x20000070   Data           2  iic_mpu9250.o(.data)
    ax                                       0x20000074   Data           4  iic_mpu9250.o(.data)
    ay                                       0x20000078   Data           4  iic_mpu9250.o(.data)
    az                                       0x2000007c   Data           4  iic_mpu9250.o(.data)
    gx                                       0x20000080   Data           4  iic_mpu9250.o(.data)
    gy                                       0x20000084   Data           4  iic_mpu9250.o(.data)
    gz                                       0x20000088   Data           4  iic_mpu9250.o(.data)
    mx                                       0x2000008c   Data           4  iic_mpu9250.o(.data)
    my                                       0x20000090   Data           4  iic_mpu9250.o(.data)
    mz                                       0x20000094   Data           4  iic_mpu9250.o(.data)
    mx1                                      0x20000098   Data           4  iic_mpu9250.o(.data)
    my1                                      0x2000009c   Data           4  iic_mpu9250.o(.data)
    mz1                                      0x200000a0   Data           4  iic_mpu9250.o(.data)
    sensor_data                              0x200000a4   Data           6  iic_mpu9250.o(.data)
    Speed2                                   0x200000b8   Data           4  encoder.o(.data)
    Speed1                                   0x200000bc   Data           4  encoder.o(.data)
    A_REMP_PLUS                              0x200000c4   Data           4  encoder.o(.data)
    span                                     0x200000c8   Data           4  encoder.o(.data)
    Control_left                             0x200000d0   Data          36  encoder.o(.data)
    Control_right                            0x200000f4   Data          36  encoder.o(.data)
    Flag_A_Temp                              0x20000118   Data           4  encoder.o(.data)
    Flag_B_Temp                              0x2000011c   Data           4  encoder.o(.data)
    hPrevious_angle2                         0x20000120   Data           4  encoder.o(.data)
    hPrevious_angle1                         0x20000124   Data           4  encoder.o(.data)
    capture                                  0x20000128   Data           2  encoder.o(.data)
    Temp_A                                   0x2000012a   Data           2  encoder.o(.data)
    Temp_B                                   0x2000012c   Data           2  encoder.o(.data)
    Temp_C                                   0x2000012e   Data           2  encoder.o(.data)
    __stdout                                 0x2000013c   Data           4  usart.o(.data)
    USART_RX_STA                             0x20000140   Data           2  usart.o(.data)
    Data_Cnt                                 0x20000158   Data           1  us_can_zyt.o(.data)
    uart_id                                  0x2000015c   Data           4  us_can_zyt.o(.data)
    usart_rece_time                          0x20000160   Data           8  us_can_zyt.o(.data)
    MCU_VERSION                              0x20000168   Data           8  us_mcu_transfer.o(.data)
    ping_time                                0x20000170   Data           8  us_mcu_transfer.o(.data)
    front                                    0x20000178   Data           4  us_mcu_transfer.o(.data)
    rear                                     0x2000017c   Data           4  us_mcu_transfer.o(.data)
    US_MCU_STATUS                            0x20000180   Data           1  us_mcu_transfer.o(.data)
    coder_length                             0x20000181   Data           1  us_mcu_transfer.o(.data)
    u_front                                  0x20000184   Data           4  us_mcu_transfer.o(.data)
    u_rear                                   0x20000188   Data           4  us_mcu_transfer.o(.data)
    recv_ptr                                 0x2000018c   Data           4  us_mcu_transfer.o(.data)
    flash_get_data_size                      0x20000190   Data           4  us_mcu_transfer.o(.data)
    addr_ptr                                 0x20000194   Data           4  us_mcu_transfer.o(.data)
    FILL_CHECKSUM                            0x20000198   Data           8  us_mcu_transfer.o(.data)
    FETCH_CHECKSUM                           0x200001a0   Data           8  us_mcu_transfer.o(.data)
    fetch_send_length                        0x200001a8   Data           4  us_mcu_transfer.o(.data)
    dac_frequency                            0x200001ac   Data           4  us_mcu_transfer.o(.data)
    dac_addr                                 0x200001b0   Data           4  us_mcu_transfer.o(.data)
    dac_num                                  0x200001b4   Data           4  us_mcu_transfer.o(.data)
    dac_delay                                0x200001b8   Data           4  us_mcu_transfer.o(.data)
    dac_times                                0x200001bc   Data           4  us_mcu_transfer.o(.data)
    dac_volume                               0x200001c0   Data           4  us_mcu_transfer.o(.data)
    dac_play                                 0x200001c4   Data           4  us_mcu_transfer.o(.data)
    da_i                                     0x200001c8   Data           4  us_mcu_transfer.o(.data)
    dac_t_i                                  0x200001cc   Data           4  us_mcu_transfer.o(.data)
    A_Step_Set                               0x200001d0   Data           4  us_mcu_transfer.o(.data)
    A_Step_Num                               0x200001d4   Data           4  us_mcu_transfer.o(.data)
    B_Step_Set                               0x200001d8   Data           4  us_mcu_transfer.o(.data)
    B_Step_Num                               0x200001dc   Data           4  us_mcu_transfer.o(.data)
    C_Step_Set                               0x200001e0   Data           4  us_mcu_transfer.o(.data)
    C_Step_Num                               0x200001e4   Data           4  us_mcu_transfer.o(.data)
    A_FREQ                                   0x200001e8   Data           2  us_mcu_transfer.o(.data)
    B_FREQ                                   0x200001ea   Data           2  us_mcu_transfer.o(.data)
    C_FREQ                                   0x200001ec   Data           2  us_mcu_transfer.o(.data)
    START_FREQ                               0x200001ee   Data           2  us_mcu_transfer.o(.data)
    bSpeed_Buffer_Index                      0x200001f2   Data           1  timer_interrupt.o(.data)
    Milemeter_L_Motor                        0x200001f4   Data           4  timer_interrupt.o(.data)
    Milemeter_R_Motor                        0x200001f8   Data           4  timer_interrupt.o(.data)
    SENSOR_TIMESPS                           0x200001fc   Data           4  timer_interrupt.o(.data)
    timer                                    0x20000200   Data           8  timer_interrupt.o(.data)
    SENSOR_PLAY                              0x20000208   Data           4  timer_interrupt.o(.data)
    ROBOT_ENCODER_EN                         0x2000020c   Data           4  timer_interrupt.o(.data)
    MaxValue                                 0x20000210   Data           4  pid.o(.data)
    MinValue                                 0x20000214   Data           4  pid.o(.data)
    OutputValue                              0x20000218   Data           4  pid.o(.data)
    position_x                               0x2000021c   Data           4  odometry.o(.data)
    position_y                               0x20000220   Data           4  odometry.o(.data)
    oriention                                0x20000224   Data           4  odometry.o(.data)
    velocity_linear                          0x20000228   Data           4  odometry.o(.data)
    velocity_angular                         0x2000022c   Data           4  odometry.o(.data)
    pos_x                                    0x20000230   Data           4  odometry.o(.data)
    pos_y                                    0x20000234   Data           4  odometry.o(.data)
    wheel_interval                           0x20000238   Data           4  odometry.o(.data)
    multiplier                               0x2000023c   Data           4  odometry.o(.data)
    deceleration_ratio                       0x20000240   Data           4  odometry.o(.data)
    encoder_diameter                         0x20000244   Data           4  odometry.o(.data)
    pi_1_2                                   0x20000248   Data           4  odometry.o(.data)
    pi                                       0x2000024c   Data           4  odometry.o(.data)
    pi_3_2                                   0x20000250   Data           4  odometry.o(.data)
    pi_2_1                                   0x20000254   Data           4  odometry.o(.data)
    dt                                       0x20000258   Data           4  odometry.o(.data)
    line_number                              0x2000025c   Data           4  odometry.o(.data)
    oriention_interval                       0x20000260   Data           4  odometry.o(.data)
    sin_                                     0x20000264   Data           4  odometry.o(.data)
    cos_                                     0x20000268   Data           4  odometry.o(.data)
    delta_distance                           0x2000026c   Data           4  odometry.o(.data)
    delta_oriention                          0x20000270   Data           4  odometry.o(.data)
    const_frame                              0x20000274   Data           4  odometry.o(.data)
    const_angle                              0x20000278   Data           4  odometry.o(.data)
    distance_sum                             0x2000027c   Data           4  odometry.o(.data)
    distance_diff                            0x20000280   Data           4  odometry.o(.data)
    one_pulse                                0x20000284   Data           4  odometry.o(.data)
    oriention_1                              0x20000288   Data           4  odometry.o(.data)
    yaw                                      0x2000028c   Data           4  odometry.o(.data)
    once                                     0x20000290   Data           1  odometry.o(.data)
    right_count                              0x20000294   Data           4  odometry.o(.data)
    left_count                               0x20000298   Data           4  odometry.o(.data)
    Host_Key                                 0x200002a5   Data          16  libmcuauthenticate.o(.data)
    Host_IV                                  0x200002b5   Data          16  libmcuauthenticate.o(.data)
    StatusInfo                               0x200002c6   Data           2  usb_core.o(.data)
    Data_Mul_MaxPacketSize                   0x200002c8   Data           1  usb_core.o(.data)
    EPindex                                  0x200002cc   Data           1  usb_init.o(.data)
    pInformation                             0x200002d0   Data           4  usb_init.o(.data)
    pProperty                                0x200002d4   Data           4  usb_init.o(.data)
    SaveState                                0x200002d8   Data           2  usb_init.o(.data)
    wInterrupt_Mask                          0x200002da   Data           2  usb_init.o(.data)
    pUser_Standard_Requests                  0x200002dc   Data           4  usb_init.o(.data)
    SaveRState                               0x200002e0   Data           2  usb_int.o(.data)
    SaveTState                               0x200002e2   Data           2  usb_int.o(.data)
    CustomHID_StringSerial                   0x200002e4   Data          26  usb_desc.o(.data)
    wIstr                                    0x20000300   Data           2  usb_istr.o(.data)
    bIntPackSOF                              0x20000302   Data           1  usb_istr.o(.data)
    pEpInt_IN                                0x20000304   Data          28  usb_istr.o(.data)
    pEpInt_OUT                               0x20000320   Data          28  usb_istr.o(.data)
    ProtocolValue                            0x2000033c   Data           4  usb_prop.o(.data)
    Device_Table                             0x20000340   Data           2  usb_prop.o(.data)
    Device_Property                          0x20000344   Data          48  usb_prop.o(.data)
    User_Standard_Requests                   0x20000374   Data          36  usb_prop.o(.data)
    Device_Descriptor                        0x20000398   Data           8  usb_prop.o(.data)
    Config_Descriptor                        0x200003a0   Data           8  usb_prop.o(.data)
    CustomHID_Report_Descriptor              0x200003a8   Data           8  usb_prop.o(.data)
    CustomHID_Descriptor                     0x200003b0   Data           8  usb_prop.o(.data)
    String_Descriptor                        0x200003b8   Data          32  usb_prop.o(.data)
    bDeviceState                             0x200003d8   Data           4  usb_pwr.o(.data)
    fSuspendEnabled                          0x200003dc   Data           1  usb_pwr.o(.data)
    ResumeS                                  0x200003dd   Data           2  usb_pwr.o(.data)
    pMat_P                                   0x200003e0   Data           4  inemo_ahrs.o(.data)
    pMat_Fsys                                0x200003e4   Data           4  inemo_ahrs.o(.data)
    pMat_Q                                   0x200003e8   Data           4  inemo_ahrs.o(.data)
    pMat_Pnew                                0x200003ec   Data           4  inemo_ahrs.o(.data)
    pMat_Ka                                  0x200003f0   Data           4  inemo_ahrs.o(.data)
    pMat_Km                                  0x200003f4   Data           4  inemo_ahrs.o(.data)
    pMat_Hja                                 0x200003f8   Data           4  inemo_ahrs.o(.data)
    pMat_Hjm                                 0x200003fc   Data           4  inemo_ahrs.o(.data)
    pMat_Ra                                  0x20000400   Data           4  inemo_ahrs.o(.data)
    pMat_Rm                                  0x20000404   Data           4  inemo_ahrs.o(.data)
    fHalfDt                                  0x20000408   Data           4  inemo_ahrs.o(.data)
    fAccRef                                  0x2000040c   Data           4  inemo_ahrs.o(.data)
    fMagRef                                  0x20000410   Data           4  inemo_ahrs.o(.data)
    __microlib_freelist                      0x20000414   Data           4  mvars.o(.data)
    __microlib_freelist_initialised          0x20000418   Data           4  mvars.o(.data)
    send_buf                                 0x20000460   Data          72  main.o(.bss)
    mpu9250                                  0x200004a8   Data          20  iic_mpu9250.o(.bss)
    packet_buf                               0x200004bc   Data          64  iic_mpu9250.o(.bss)
    xSensorData                              0x200004fc   Data         152  iic_mpu9250.o(.bss)
    xEulerAngles                             0x20000594   Data          12  iic_mpu9250.o(.bss)
    xQuat                                    0x200005a0   Data          16  iic_mpu9250.o(.bss)
    hSpeed_Buffer2                           0x200005b0   Data          12  encoder.o(.bss)
    hSpeed_Buffer1                           0x200005bc   Data          12  encoder.o(.bss)
    USART_RX_BUF                             0x200005c8   Data         200  usart.o(.bss)
    USART_SEND_BUFF                          0x200006d0   Data         512  usart.o(.bss)
    Usart_Buf                                0x200008d0   Data          40  us_can_zyt.o(.bss)
    trans_uart                               0x200008f8   Data          48  us_can_zyt.o(.bss)
    ping_s                                   0x20000928   Data          20  us_mcu_transfer.o(.bss)
    rc_buf                                   0x2000093c   Data       10800  us_mcu_transfer.o(.bss)
    DEV_STATUS_CTRL                          0x2000336c   Data          40  us_mcu_transfer.o(.bss)
    coder_id                                 0x20003394   Data          20  us_mcu_transfer.o(.bss)
    mcu_id_en                                0x200033a8   Data          48  us_mcu_transfer.o(.bss)
    recv                                     0x200033d8   Data          72  us_mcu_transfer.o(.bss)
    sdata                                    0x20003420   Data          10  us_mcu_transfer.o(.bss)
    CpuID                                    0x2000342c   Data          16  us_mcu_transfer.o(.bss)
    write_flash                              0x2000343c   Data          60  us_mcu_transfer.o(.bss)
    flash_cache                              0x20003478   Data        2148  us_mcu_transfer.o(.bss)
    flash_data                               0x20003cdc   Data          48  us_mcu_transfer.o(.bss)
    imu_data_3                               0x20003d4c   Data          28  imu_uranus.o(.bss)
    imu_data_5                               0x20003d68   Data          28  imu_uranus.o(.bss)
    Device_Info                              0x20003d84   Data          28  usb_init.o(.bss)
    USB_Receive_Buffer                       0x20003da0   Data          64  usb_endp.o(.bss)
    USB_Send_Buffer                          0x20003de0   Data          64  usb_endp.o(.bss)
    fSV                                      0x20003e20   Data          28  inemo_ahrs.o(.bss)
    __heap_base                              0x20003e40   Data           0  startup_stm32f10x_hd.o(HEAP)
    __heap_limit                             0x20004040   Data           0  startup_stm32f10x_hd.o(HEAP)
    __initial_sp                             0x20004440   Data           0  startup_stm32f10x_hd.o(STACK)



==============================================================================

Memory Map of the image

  Image Entry point : 0x08000131

  Load Region LR_IROM1 (Base: 0x08000000, Size: 0x0000f170, Max: 0x00040000, ABSOLUTE, COMPRESSED[0x0000eea0])

    Execution Region ER_IROM1 (Base: 0x08000000, Size: 0x0000ed50, Max: 0x00040000, ABSOLUTE)

    Base Addr    Size         Type   Attr      Idx    E Section Name        Object

    0x08000000   0x00000130   Data   RO          497    RESET               startup_stm32f10x_hd.o
    0x08000130   0x00000000   Code   RO         1877  * .ARM.Collect$$$$00000000  mc_w.l(entry.o)
    0x08000130   0x00000004   Code   RO         2246    .ARM.Collect$$$$00000001  mc_w.l(entry2.o)
    0x08000134   0x00000004   Code   RO         2249    .ARM.Collect$$$$00000004  mc_w.l(entry5.o)
    0x08000138   0x00000000   Code   RO         2251    .ARM.Collect$$$$00000008  mc_w.l(entry7b.o)
    0x08000138   0x00000000   Code   RO         2253    .ARM.Collect$$$$0000000A  mc_w.l(entry8b.o)
    0x08000138   0x00000008   Code   RO         2254    .ARM.Collect$$$$0000000B  mc_w.l(entry9a.o)
    0x08000140   0x00000000   Code   RO         2256    .ARM.Collect$$$$0000000D  mc_w.l(entry10a.o)
    0x08000140   0x00000000   Code   RO         2258    .ARM.Collect$$$$0000000F  mc_w.l(entry11a.o)
    0x08000140   0x00000004   Code   RO         2247    .ARM.Collect$$$$00002712  mc_w.l(entry2.o)
    0x08000144   0x000000b0   Code   RO            1    .text               main.o
    0x080001f4   0x0000002c   Code   RO          204    .text               stm32f10x_it.o
    0x08000220   0x000001e0   Code   RO          229    .text               system_stm32f10x.o
    0x08000400   0x0000025c   Code   RO          247    .text               bsp_init.o
    0x0800065c   0x0000028c   Code   RO          323    .text               myiic.o
    0x080008e8   0x000007e8   Code   RO          338    .text               iic_mpu9250.o
    0x080010d0   0x00000534   Code   RO          393    .text               timer_function.o
    0x08001604   0x00000728   Code   RO          405    .text               encoder.o
    0x08001d2c   0x000000d4   Code   RO          428    .text               delay.o
    0x08001e00   0x00000388   Code   RO          459    .text               usart.o
    0x08002188   0x00000024   Code   RO          498    .text               startup_stm32f10x_hd.o
    0x080021ac   0x000000dc   Code   RO          502    .text               misc.o
    0x08002288   0x0000035c   Code   RO          514    .text               stm32f10x_gpio.o
    0x080025e4   0x000003a4   Code   RO          526    .text               stm32f10x_rcc.o
    0x08002988   0x00000408   Code   RO          540    .text               stm32f10x_usart.o
    0x08002d90   0x0000018c   Code   RO          612    .text               stm32f10x_dac.o
    0x08002f1c   0x000005bc   Code   RO          660    .text               stm32f10x_flash.o
    0x080034d8   0x00000e1a   Code   RO          756    .text               stm32f10x_tim.o
    0x080042f2   0x00000002   PAD
    0x080042f4   0x000000fc   Code   RO          780    .text               us_can_zyt.o
    0x080043f0   0x000010d4   Code   RO          800    .text               us_mcu_transfer.o
    0x080054c4   0x00000048   Code   RO          986    .text               usbio.o
    0x0800550c   0x0000021c   Code   RO         1017    .text               timer_interrupt.o
    0x08005728   0x000000dc   Code   RO         1036    .text               pid.o
    0x08005804   0x00000284   Code   RO         1065    .text               odometry.o
    0x08005a88   0x00000184   Code   RO         1081    .text               imu_uranus.o
    0x08005c0c   0x0000004c   Code   RO         1097    .text               libmcuauthenticate.o
    0x08005c58   0x000001c8   Code   RO         1113    .text               us_aes_func.o
    0x08005e20   0x00000b50   Code   RO         1137    .text               usb_core.o
    0x08006970   0x0000033c   Code   RO         1175    .text               usb_int.o
    0x08006cac   0x0000005c   Code   RO         1199    .text               usb_mem.o
    0x08006d08   0x00000808   Code   RO         1211    .text               usb_regs.o
    0x08007510   0x00000080   Code   RO         1223    .text               usb_sil.o
    0x08007590   0x0000000c   Code   RO         1248    .text               usb_endp.o
    0x0800759c   0x000000f8   Code   RO         1267    .text               usb_istr.o
    0x08007694   0x0000023c   Code   RO         1288    .text               usb_prop.o
    0x080078d0   0x00000148   Code   RO         1311    .text               usb_pwr.o
    0x08007a18   0x00001250   Code   RO         1329    .text               inemo_ahrs.o
    0x08008c68   0x00000018   Code   RO         1354    .text               inemo_ahrs_memman_1.o
    0x08008c80   0x00000134   Code   RO         1369    .text               inemo_ekf.o
    0x08008db4   0x00000810   Code   RO         1381    .text               inemo_math.o
    0x080095c4   0x00000062   Code   RO         1880    .text               mc_w.l(uldiv.o)
    0x08009626   0x0000005a   Code   RO         1882    .text               mc_w.l(ldiv.o)
    0x08009680   0x00000024   Code   RO         1884    .text               mc_w.l(memcpya.o)
    0x080096a4   0x00000024   Code   RO         1886    .text               mc_w.l(memseta.o)
    0x080096c8   0x0000000e   Code   RO         1888    .text               mc_w.l(strlen.o)
    0x080096d6   0x000000b0   Code   RO         2181    .text               mf_w.l(fadd.o)
    0x08009786   0x00000064   Code   RO         2183    .text               mf_w.l(fmul.o)
    0x080097ea   0x0000007c   Code   RO         2185    .text               mf_w.l(fdiv.o)
    0x08009866   0x0000014e   Code   RO         2187    .text               mf_w.l(dadd.o)
    0x080099b4   0x000000e4   Code   RO         2189    .text               mf_w.l(dmul.o)
    0x08009a98   0x000000de   Code   RO         2191    .text               mf_w.l(ddiv.o)
    0x08009b76   0x00000012   Code   RO         2193    .text               mf_w.l(fflti.o)
    0x08009b88   0x0000000a   Code   RO         2195    .text               mf_w.l(ffltui.o)
    0x08009b92   0x00000022   Code   RO         2197    .text               mf_w.l(dflti.o)
    0x08009bb4   0x0000001a   Code   RO         2199    .text               mf_w.l(dfltui.o)
    0x08009bce   0x00000032   Code   RO         2201    .text               mf_w.l(ffixi.o)
    0x08009c00   0x00000028   Code   RO         2203    .text               mf_w.l(ffixui.o)
    0x08009c28   0x00000032   Code   RO         2205    .text               mf_w.l(dfixui.o)
    0x08009c5a   0x00000026   Code   RO         2207    .text               mf_w.l(f2d.o)
    0x08009c80   0x00000038   Code   RO         2209    .text               mf_w.l(d2f.o)
    0x08009cb8   0x00000014   Code   RO         2211    .text               mf_w.l(cfcmple.o)
    0x08009ccc   0x00000014   Code   RO         2213    .text               mf_w.l(cfrcmple.o)
    0x08009ce0   0x0000002c   Code   RO         2260    .text               mc_w.l(uidiv.o)
    0x08009d0c   0x0000001e   Code   RO         2262    .text               mc_w.l(llshl.o)
    0x08009d2a   0x00000020   Code   RO         2264    .text               mc_w.l(llushr.o)
    0x08009d4a   0x00000024   Code   RO         2266    .text               mc_w.l(llsshr.o)
    0x08009d6e   0x00000000   Code   RO         2277    .text               mc_w.l(iusefp.o)
    0x08009d6e   0x0000006e   Code   RO         2278    .text               mf_w.l(fepilogue.o)
    0x08009ddc   0x000000b6   Code   RO         2280    .text               mf_w.l(depilogue.o)
    0x08009e92   0x0000002e   Code   RO         2282    .text               mf_w.l(dscalb.o)
    0x08009ec0   0x000000a2   Code   RO         2284    .text               mf_w.l(dsqrt.o)
    0x08009f62   0x00000002   PAD
    0x08009f64   0x00000024   Code   RO         2292    .text               mc_w.l(init.o)
    0x08009f88   0x0000003e   Code   RO         2294    .text               mf_w.l(dfixi.o)
    0x08009fc6   0x00000056   Code   RO         2304    .text               mc_w.l(__dczerorl2.o)
    0x0800a01c   0x00000314   Code   RO         1398    i.AES128_decrypt    M3_CryptoFW_2_0_6.lib(crypto.o)
    0x0800a330   0x00000310   Code   RO         1399    i.AES128_encrypt    M3_CryptoFW_2_0_6.lib(crypto.o)
    0x0800a640   0x00000130   Code   RO         1400    i.AES128_keyschedule_dec  M3_CryptoFW_2_0_6.lib(crypto.o)
    0x0800a770   0x00000074   Code   RO         1401    i.AES128_keyschedule_enc  M3_CryptoFW_2_0_6.lib(crypto.o)
    0x0800a7e4   0x00000310   Code   RO         1402    i.AES192_decrypt    M3_CryptoFW_2_0_6.lib(crypto.o)
    0x0800aaf4   0x00000310   Code   RO         1403    i.AES192_encrypt    M3_CryptoFW_2_0_6.lib(crypto.o)
    0x0800ae04   0x00000118   Code   RO         1404    i.AES192_keyschedule_dec  M3_CryptoFW_2_0_6.lib(crypto.o)
    0x0800af1c   0x00000098   Code   RO         1405    i.AES192_keyschedule_enc  M3_CryptoFW_2_0_6.lib(crypto.o)
    0x0800afb4   0x00000314   Code   RO         1406    i.AES256_decrypt    M3_CryptoFW_2_0_6.lib(crypto.o)
    0x0800b2c8   0x00000300   Code   RO         1407    i.AES256_encrypt    M3_CryptoFW_2_0_6.lib(crypto.o)
    0x0800b5c8   0x00000118   Code   RO         1408    i.AES256_keyschedule_dec  M3_CryptoFW_2_0_6.lib(crypto.o)
    0x0800b6e0   0x000000dc   Code   RO         1409    i.AES256_keyschedule_enc  M3_CryptoFW_2_0_6.lib(crypto.o)
    0x0800b7bc   0x00000292   Code   RO         1410    i.AES_CBC_Decrypt_Append  M3_CryptoFW_2_0_6.lib(crypto.o)
    0x0800ba4e   0x0000001a   Code   RO         1411    i.AES_CBC_Decrypt_Finish  M3_CryptoFW_2_0_6.lib(crypto.o)
    0x0800ba68   0x00000006   Code   RO         1412    i.AES_CBC_Decrypt_Init  M3_CryptoFW_2_0_6.lib(crypto.o)
    0x0800ba6e   0x00000002   PAD
    0x0800ba70   0x00000202   Code   RO         1413    i.AES_CBC_Encrypt_Append  M3_CryptoFW_2_0_6.lib(crypto.o)
    0x0800bc72   0x0000001a   Code   RO         1414    i.AES_CBC_Encrypt_Finish  M3_CryptoFW_2_0_6.lib(crypto.o)
    0x0800bc8c   0x00000006   Code   RO         1415    i.AES_CBC_Encrypt_Init  M3_CryptoFW_2_0_6.lib(crypto.o)
    0x0800bc92   0x00000010   Code   RO         1429    i.AES_CTR_Decrypt_Append  M3_CryptoFW_2_0_6.lib(crypto.o)
    0x0800bca2   0x0000001a   Code   RO         1430    i.AES_CTR_Decrypt_Finish  M3_CryptoFW_2_0_6.lib(crypto.o)
    0x0800bcbc   0x00000006   Code   RO         1431    i.AES_CTR_Decrypt_Init  M3_CryptoFW_2_0_6.lib(crypto.o)
    0x0800bcc2   0x00000002   PAD
    0x0800bcc4   0x000002bc   Code   RO         1432    i.AES_CTR_Encrypt_Append  M3_CryptoFW_2_0_6.lib(crypto.o)
    0x0800bf80   0x0000001a   Code   RO         1433    i.AES_CTR_Encrypt_Finish  M3_CryptoFW_2_0_6.lib(crypto.o)
    0x0800bf9a   0x00000006   Code   RO         1434    i.AES_CTR_Encrypt_Init  M3_CryptoFW_2_0_6.lib(crypto.o)
    0x0800bfa0   0x000001a4   Code   RO         1456    i.AESstdInit        M3_CryptoFW_2_0_6.lib(crypto.o)
    0x0800c144   0x00000008   Code   RO         1471    i.Crypto_DeInit     M3_CryptoFW_2_0_6.lib(crypto.o)
    0x0800c14c   0x00000020   Code   RO         1981    i.__0printf$3       mc_w.l(printf3.o)
    0x0800c16c   0x00000028   Code   RO         1983    i.__0sprintf$3      mc_w.l(printf3.o)
    0x0800c194   0x00000028   Code   RO         2230    i.__ARM_fpclassify  m_ws.l(fpclassify.o)
    0x0800c1bc   0x00000388   Code   RO         2235    i.__ieee754_rem_pio2  m_ws.l(rred.o)
    0x0800c544   0x000000fc   Code   RO         2225    i.__kernel_cos      m_ws.l(cos_i.o)
    0x0800c640   0x000000aa   Code   RO         2232    i.__kernel_poly     m_ws.l(poly.o)
    0x0800c6ea   0x00000002   PAD
    0x0800c6ec   0x000000ec   Code   RO         2240    i.__kernel_sin      m_ws.l(sin_i.o)
    0x0800c7d8   0x00000010   Code   RO         2228    i.__mathlib_dbl_underflow  m_ws.l(dunder.o)
    0x0800c7e8   0x0000000e   Code   RO         2298    i.__scatterload_copy  mc_w.l(handlers.o)
    0x0800c7f6   0x00000002   Code   RO         2299    i.__scatterload_null  mc_w.l(handlers.o)
    0x0800c7f8   0x0000000e   Code   RO         2300    i.__scatterload_zeroinit  mc_w.l(handlers.o)
    0x0800c806   0x00000002   PAD
    0x0800c808   0x0000000c   Code   RO         2272    i.__set_errno       mc_w.l(errno.o)
    0x0800c814   0x000001b8   Code   RO         1988    i._printf_core      mc_w.l(printf3.o)
    0x0800c9cc   0x0000000a   Code   RO         1990    i._sputc            mc_w.l(printf3.o)
    0x0800c9d6   0x00000002   PAD
    0x0800c9d8   0x0000027c   Code   RO         1836    i.asin              m_ws.l(asin.o)
    0x0800cc54   0x00000224   Code   RO         2216    i.atan              m_ws.l(atan.o)
    0x0800ce78   0x00000180   Code   RO         1846    i.atan2             m_ws.l(atan2.o)
    0x0800cff8   0x000000ac   Code   RO         1854    i.cos               m_ws.l(cos.o)
    0x0800d0a4   0x00000050   Code   RO         2153    i.free              mc_w.l(malloc.o)
    0x0800d0f4   0x0000006c   Code   RO         2154    i.malloc            mc_w.l(malloc.o)
    0x0800d160   0x000000b0   Code   RO         1862    i.sin               m_ws.l(sin.o)
    0x0800d210   0x0000004c   Code   RO         1870    i.sqrt              m_ws.l(sqrt.o)
    0x0800d25c   0x00000005   Data   RO            3    .constdata          main.o
    0x0800d261   0x00000085   Data   RO          802    .constdata          us_mcu_transfer.o
    0x0800d2e6   0x00000016   Data   RO         1098    .constdata          libmcuauthenticate.o
    0x0800d2fc   0x0000008c   Data   RO         1235    .constdata          usb_desc.o
    0x0800d388   0x00001798   Data   RO         1615    .constdata          M3_CryptoFW_2_0_6.lib(crypto.o)
    0x0800eb20   0x00000050   Data   RO         1837    .constdata          m_ws.l(asin.o)
    0x0800eb70   0x00000098   Data   RO         2217    .constdata          m_ws.l(atan.o)
    0x0800ec08   0x00000030   Data   RO         2226    .constdata          m_ws.l(cos_i.o)
    0x0800ec38   0x00000008   Data   RO         2234    .constdata          m_ws.l(qnan.o)
    0x0800ec40   0x000000c8   Data   RO         2237    .constdata          m_ws.l(rred.o)
    0x0800ed08   0x00000028   Data   RO         2241    .constdata          m_ws.l(sin_i.o)
    0x0800ed30   0x00000020   Data   RO         2296    Region$$Table       anon$$obj.o


    Execution Region RW_IRAM1 (Base: 0x20000000, Size: 0x00004440, Max: 0x0000c000, ABSOLUTE, COMPRESSED[0x00000150])

    Base Addr    Size         Type   Attr      Idx    E Section Name        Object

    0x20000000   0x00000052   Data   RW            4    .data               main.o
    0x20000052   0x00000002   PAD
    0x20000054   0x00000014   Data   RW          230    .data               system_stm32f10x.o
    0x20000068   0x00000001   Data   RW          248    .data               bsp_init.o
    0x20000069   0x00000003   PAD
    0x2000006c   0x00000040   Data   RW          340    .data               iic_mpu9250.o
    0x200000ac   0x0000008c   Data   RW          407    .data               encoder.o
    0x20000138   0x00000004   Data   RW          429    .data               delay.o
    0x2000013c   0x00000006   Data   RW          461    .data               usart.o
    0x20000142   0x00000014   Data   RW          527    .data               stm32f10x_rcc.o
    0x20000156   0x00000002   PAD
    0x20000158   0x00000010   Data   RW          782    .data               us_can_zyt.o
    0x20000168   0x00000088   Data   RW          803    .data               us_mcu_transfer.o
    0x200001f0   0x00000020   Data   RW         1018    .data               timer_interrupt.o
    0x20000210   0x0000000c   Data   RW         1037    .data               pid.o
    0x2000021c   0x00000080   Data   RW         1066    .data               odometry.o
    0x2000029c   0x00000009   Data   RW         1083    .data               imu_uranus.o
    0x200002a5   0x00000020   Data   RW         1099    .data               libmcuauthenticate.o
    0x200002c5   0x00000001   PAD
    0x200002c6   0x00000003   Data   RW         1138    .data               usb_core.o
    0x200002c9   0x00000003   PAD
    0x200002cc   0x00000014   Data   RW         1154    .data               usb_init.o
    0x200002e0   0x00000004   Data   RW         1176    .data               usb_int.o
    0x200002e4   0x0000001a   Data   RW         1236    .data               usb_desc.o
    0x200002fe   0x00000002   PAD
    0x20000300   0x0000003c   Data   RW         1268    .data               usb_istr.o
    0x2000033c   0x0000009c   Data   RW         1289    .data               usb_prop.o
    0x200003d8   0x00000007   Data   RW         1312    .data               usb_pwr.o
    0x200003df   0x00000001   PAD
    0x200003e0   0x00000034   Data   RW         1331    .data               inemo_ahrs.o
    0x20000414   0x00000004   Data   RW         2268    .data               mc_w.l(mvars.o)
    0x20000418   0x00000004   Data   RW         2269    .data               mc_w.l(mvars.o)
    0x2000041c   0x00000004   Data   RW         2273    .data               mc_w.l(errno.o)
    0x20000420   0x00000088   Zero   RW            2    .bss                main.o
    0x200004a8   0x00000108   Zero   RW          339    .bss                iic_mpu9250.o
    0x200005b0   0x00000018   Zero   RW          406    .bss                encoder.o
    0x200005c8   0x00000308   Zero   RW          460    .bss                usart.o
    0x200008d0   0x00000058   Zero   RW          781    .bss                us_can_zyt.o
    0x20000928   0x000033e4   Zero   RW          801    .bss                us_mcu_transfer.o
    0x20003d0c   0x00000078   Zero   RW         1082    .bss                imu_uranus.o
    0x20003d84   0x0000001c   Zero   RW         1153    .bss                usb_init.o
    0x20003da0   0x00000080   Zero   RW         1249    .bss                usb_endp.o
    0x20003e20   0x0000001c   Zero   RW         1330    .bss                inemo_ahrs.o
    0x20003e3c   0x00000004   PAD
    0x20003e40   0x00000200   Zero   RW          496    HEAP                startup_stm32f10x_hd.o
    0x20004040   0x00000400   Zero   RW          495    STACK               startup_stm32f10x_hd.o


==============================================================================

Image component sizes


      Code (inc. data)   RO Data    RW Data    ZI Data      Debug   Object Name

       604         24          0          1          0       3673   bsp_init.o
       212         18          0          4          0       1015   delay.o
      1832        206          0        140         24       4557   encoder.o
      2024        160          0         64        264     212812   iic_mpu9250.o
       388         26          0          9        120       1599   imu_uranus.o
      4688        164          0         52         28       5020   inemo_ahrs.o
        24          0          0          0          0       2134   inemo_ahrs_memman_1.o
       308          0          0          0          0       1770   inemo_ekf.o
      2064         14          0          0          0       7155   inemo_math.o
         0          0          0          0          0     204768   led.o
        76         12         22         32          0       1667   libmcuauthenticate.o
       176         50          5         82        136     285434   main.o
       220         22          0          0          0       1793   misc.o
       652         14          0          0          0       1856   myiic.o
       644        112          0        128          0       1996   odometry.o
       220         22          0         12          0       1307   pid.o
        36          8        304          0       1536        780   startup_stm32f10x_hd.o
       396          6          0          0          0       3646   stm32f10x_dac.o
      1468         34          0          0          0       8026   stm32f10x_flash.o
       860         38          0          0          0       5637   stm32f10x_gpio.o
        44          0          0          0          0       1908   stm32f10x_it.o
       932         36          0         20          0       8804   stm32f10x_rcc.o
      3610         88          0          0          0      22120   stm32f10x_tim.o
      1032         22          0          0          0       8364   stm32f10x_usart.o
         0          0          0          0          0         32   sys.o
       480         38          0         20          0       1731   system_stm32f10x.o
      1332         40          0          0          0       2995   timer_function.o
       540         70          0         32          0       2133   timer_interrupt.o
       456          0          0          0          0       3270   us_aes_func.o
       252         24          0         16         88       2063   us_can_zyt.o
      4308        536        133        136      13284      17334   us_mcu_transfer.o
       904         36          0          6        776       5063   usart.o
      2896        114          0          3          0       8091   usb_core.o
         0          0        140         26          0       1040   usb_desc.o
        12          0          0          0        128       1478   usb_endp.o
         0          0          0         20         28       3639   usb_init.o
       828         34          0          4          0       1939   usb_int.o
       248         26          0         60          0       1284   usb_istr.o
        92          6          0          0          0       1414   usb_mem.o
       572         44          0        156          0       7571   usb_prop.o
       328         22          0          7          0       2541   usb_pwr.o
      2056         20          0          0          0      11733   usb_regs.o
       128          8          0          0          0       1442   usb_sil.o
        72          4          0          0          0       1276   usbio.o

    ----------------------------------------------------------------------
     38016       2098        636       1044      16416     875910   Object Totals
         0          0         32          0          0          0   (incl. Generated)
         2          0          0         14          4          0   (incl. Padding)

    ----------------------------------------------------------------------

      Code (inc. data)   RO Data    RW Data    ZI Data      Debug   Library Member Name

      8492        124       6040          0          0       2244   crypto.o
       636         52         80          0          0        168   asin.o
       548         70        152          0          0        124   atan.o
       384         38          0          0          0        144   atan2.o
       172          8          0          0          0        112   cos.o
       252         22         48          0          0        124   cos_i.o
        16          6          0          0          0         68   dunder.o
        40          0          0          0          0         68   fpclassify.o
       170          0          0          0          0         96   poly.o
         0          0          8          0          0          0   qnan.o
       904         74        200          0          0        140   rred.o
       176         10          0          0          0        116   sin.o
       236         12         40          0          0        128   sin_i.o
        76          0          0          0          0         84   sqrt.o
        86          0          0          0          0          0   __dczerorl2.o
         0          0          0          0          0          0   entry.o
         0          0          0          0          0          0   entry10a.o
         0          0          0          0          0          0   entry11a.o
         8          4          0          0          0          0   entry2.o
         4          0          0          0          0          0   entry5.o
         0          0          0          0          0          0   entry7b.o
         0          0          0          0          0          0   entry8b.o
         8          4          0          0          0          0   entry9a.o
        12          6          0          4          0         68   errno.o
        30          0          0          0          0          0   handlers.o
        36          8          0          0          0         68   init.o
         0          0          0          0          0          0   iusefp.o
        90          0          0          0          0         84   ldiv.o
        30          0          0          0          0         68   llshl.o
        36          0          0          0          0         68   llsshr.o
        32          0          0          0          0         68   llushr.o
       188         20          0          0          0        160   malloc.o
        36          0          0          0          0         68   memcpya.o
        36          0          0          0          0        108   memseta.o
         0          0          0          8          0          0   mvars.o
       522         20          0          0          0        336   printf3.o
        14          0          0          0          0         68   strlen.o
        44          0          0          0          0         80   uidiv.o
        98          0          0          0          0         92   uldiv.o
        20          0          0          0          0         68   cfcmple.o
        20          0          0          0          0         68   cfrcmple.o
        56          0          0          0          0         88   d2f.o
       334          0          0          0          0        148   dadd.o
       222          0          0          0          0        100   ddiv.o
       182          0          0          0          0        176   depilogue.o
        62          0          0          0          0         80   dfixi.o
        50          0          0          0          0         76   dfixui.o
        34          0          0          0          0         76   dflti.o
        26          0          0          0          0         76   dfltui.o
       228          0          0          0          0         96   dmul.o
        46          0          0          0          0         80   dscalb.o
       162          0          0          0          0        100   dsqrt.o
        38          0          0          0          0         68   f2d.o
       176          0          0          0          0        140   fadd.o
       124          0          0          0          0         88   fdiv.o
       110          0          0          0          0        168   fepilogue.o
        50          0          0          0          0         68   ffixi.o
        40          0          0          0          0         68   ffixui.o
        18          0          0          0          0         68   fflti.o
        10          0          0          0          0         68   ffltui.o
       100          0          0          0          0         76   fmul.o

    ----------------------------------------------------------------------
     15532        478       6568         12          0       6996   Library Totals
        12          0          0          0          0          0   (incl. Padding)

    ----------------------------------------------------------------------

      Code (inc. data)   RO Data    RW Data    ZI Data      Debug   Library Name

      8492        124       6040          0          0       2244   M3_CryptoFW_2_0_6.lib
      3610        292        528          0          0       1372   m_ws.l
      1310         62          0         12          0       1336   mc_w.l
      2108          0          0          0          0       2044   mf_w.l

    ----------------------------------------------------------------------
     15532        478       6568         12          0       6996   Library Totals

    ----------------------------------------------------------------------

==============================================================================


      Code (inc. data)   RO Data    RW Data    ZI Data      Debug   

     53548       2576       7204       1056      16416     875858   Grand Totals
     53548       2576       7204        336      16416     875858   ELF Image Totals (compressed)
     53548       2576       7204        336          0          0   ROM Totals

==============================================================================

    Total RO  Size (Code + RO Data)                60752 (  59.33kB)
    Total RW  Size (RW Data + ZI Data)             17472 (  17.06kB)
    Total ROM Size (Code + RO Data + RW Data)      61088 (  59.66kB)

==============================================================================

