Product: MDK-ARM Professional 5.10
Component: ARM Compiler 5.04 update 1 (build 49)
Tool: armlink [5040049]

==============================================================================

Section Cross References

    main.o(.text) refers to bsp_init.o(.text) for BSP_Configuration
    main.o(.text) refers to us_mcu_transfer.o(.text) for us_mcu_id_get
    main.o(.text) refers to usb_regs.o(.text) for GetEPTxStatus
    main.o(.text) refers to strlen.o(.text) for strlen
    main.o(.text) refers to usbio.o(.text) for USB_SendData
    main.o(.text) refers to main.o(.bss) for send_buf
    main.o(.text) refers to main.o(.constdata) for __func__
    stm32f10x_it.o(.text) refers to usb_istr.o(.text) for USB_Istr
    stm32f10x_it.o(.text) refers to usb_pwr.o(.text) for Resume
    system_stm32f10x.o(.text) refers to system_stm32f10x.o(.data) for SystemCoreClock
    bsp_init.o(.text) refers to stm32f10x_rcc.o(.text) for RCC_DeInit
    bsp_init.o(.text) refers to stm32f10x_flash.o(.text) for FLASH_PrefetchBufferCmd
    bsp_init.o(.text) refers to stm32f10x_gpio.o(.text) for GPIO_Init
    bsp_init.o(.text) refers to misc.o(.text) for NVIC_PriorityGroupConfig
    bsp_init.o(.text) refers to timer_function.o(.text) for RCC_Configuration
    bsp_init.o(.text) refers to usb_init.o(.text) for USB_Init
    bsp_init.o(.text) refers to delay.o(.text) for delay_init
    bsp_init.o(.text) refers to bsp_init.o(.data) for HSEStartUpStatus
    bsp_init.o(.text) refers to usb_desc.o(.data) for CustomHID_StringSerial
    led.o(.text) refers to stm32f10x_rcc.o(.text) for RCC_APB2PeriphClockCmd
    led.o(.text) refers to stm32f10x_gpio.o(.text) for GPIO_Init
    key.o(.text) refers to stm32f10x_rcc.o(.text) for RCC_APB2PeriphClockCmd
    key.o(.text) refers to stm32f10x_gpio.o(.text) for GPIO_Init
    key.o(.text) refers to delay.o(.text) for delay_ms
    key.o(.text) refers to key.o(.data) for key_up
    myiic.o(.text) refers to stm32f10x_rcc.o(.text) for RCC_APB2PeriphClockCmd
    myiic.o(.text) refers to stm32f10x_gpio.o(.text) for GPIO_Init
    myiic.o(.text) refers to delay.o(.text) for delay_us
    iic_mpu9250.o(.text) refers to inemo_ahrs.o(.text) for iNEMO_AHRS_Init
    iic_mpu9250.o(.text) refers to dflti.o(.text) for __aeabi_i2d
    iic_mpu9250.o(.text) refers to dmul.o(.text) for __aeabi_dmul
    iic_mpu9250.o(.text) refers to ddiv.o(.text) for __aeabi_ddiv
    iic_mpu9250.o(.text) refers to d2f.o(.text) for __aeabi_d2f
    iic_mpu9250.o(.text) refers to us_mcu_transfer.o(.text) for us_mcu_rc_buff_enter
    iic_mpu9250.o(.text) refers to myiic.o(.text) for IIC_Start
    iic_mpu9250.o(.text) refers to delay.o(.text) for delay_ms
    iic_mpu9250.o(.text) refers to fflti.o(.text) for __aeabi_i2f
    iic_mpu9250.o(.text) refers to fadd.o(.text) for __aeabi_fadd
    iic_mpu9250.o(.text) refers to ffixi.o(.text) for __aeabi_f2iz
    iic_mpu9250.o(.text) refers to iic_mpu9250.o(.bss) for xSensorData
    iic_mpu9250.o(.text) refers to iic_mpu9250.o(.data) for count
    iic_mpu9250.o(.text) refers to f2d.o(.text) for __aeabi_f2d
    timer_function.o(.text) refers to stm32f10x_rcc.o(.text) for RCC_APB2PeriphClockCmd
    timer_function.o(.text) refers to misc.o(.text) for NVIC_PriorityGroupConfig
    timer_function.o(.text) refers to stm32f10x_tim.o(.text) for TIM_DeInit
    timer_function.o(.text) refers to stm32f10x_gpio.o(.text) for GPIO_StructInit
    encoder.o(.text) refers to ldiv.o(.text) for __aeabi_ldivmod
    encoder.o(.text) refers to ffltui.o(.text) for __aeabi_ui2f
    encoder.o(.text) refers to pid.o(.text) for PID_calculate
    encoder.o(.text) refers to fadd.o(.text) for __aeabi_fadd
    encoder.o(.text) refers to cfrcmple.o(.text) for __aeabi_cfrcmple
    encoder.o(.text) refers to cfcmple.o(.text) for __aeabi_cfcmple
    encoder.o(.text) refers to ffixui.o(.text) for __aeabi_f2uiz
    encoder.o(.text) refers to stm32f10x_tim.o(.text) for TIM_ClearFlag
    encoder.o(.text) refers to encoder.o(.data) for bIs_First_Measurement2
    encoder.o(.text) refers to encoder.o(.bss) for hSpeed_Buffer2
    delay.o(.text) refers to misc.o(.text) for SysTick_CLKSourceConfig
    delay.o(.text) refers to system_stm32f10x.o(.data) for SystemCoreClock
    delay.o(.text) refers to delay.o(.data) for fac_us
    usart.o(.text) refers to stm32f10x_rcc.o(.text) for RCC_APB2PeriphClockCmd
    usart.o(.text) refers to stm32f10x_gpio.o(.text) for GPIO_Init
    usart.o(.text) refers to misc.o(.text) for NVIC_Init
    usart.o(.text) refers to stm32f10x_usart.o(.text) for USART_Init
    usart.o(.text) refers to usart.o(.data) for USART_RX_STA
    usart.o(.text) refers to usart.o(.bss) for USART_RX_BUF
    startup_stm32f10x_hd.o(RESET) refers to startup_stm32f10x_hd.o(STACK) for __initial_sp
    startup_stm32f10x_hd.o(RESET) refers to startup_stm32f10x_hd.o(.text) for Reset_Handler
    startup_stm32f10x_hd.o(RESET) refers to stm32f10x_it.o(.text) for NMI_Handler
[...]
    IIC_Send_Byte                            0x08000753   Thumb Code   108  myiic.o(.text)
    IIC_Read_Byte                            0x080007bf   Thumb Code   104  myiic.o(.text)
    SJS_iNEMO_Init                           0x08000835   Thumb Code    72  iic_mpu9250.o(.text)
    SJS_iNEMO_Update                         0x0800087d   Thumb Code   472  iic_mpu9250.o(.text)
    IIC_Write_OneByte                        0x08000a55   Thumb Code    48  iic_mpu9250.o(.text)
    IIC_Read_OneByte                         0x08000a85   Thumb Code    68  iic_mpu9250.o(.text)
    IIC_MPU9250_init                         0x08000ac9   Thumb Code    90  iic_mpu9250.o(.text)
    get_gyro_bias                            0x08000b23   Thumb Code   374  iic_mpu9250.o(.text)
    GetMPU9250Data                           0x08000c99   Thumb Code   812  iic_mpu9250.o(.text)
    RCC_Configuration                        0x0800101d   Thumb Code    28  timer_function.o(.text)
    NVIC_Configuration                       0x08001039   Thumb Code   214  timer_function.o(.text)
    us_init_timer5                           0x0800110f   Thumb Code    88  timer_function.o(.text)
    TIM6_Configuration                       0x08001167   Thumb Code    78  timer_function.o(.text)
    TIM4_Configuration                       0x080011b5   Thumb Code   184  timer_function.o(.text)
    TIM3_Configuration                       0x0800126d   Thumb Code   184  timer_function.o(.text)
    TIM2_Configuration                       0x08001325   Thumb Code    82  timer_function.o(.text)
    TIM1_Configuration                       0x08001377   Thumb Code   196  timer_function.o(.text)
    TIM_Configuration                        0x0800143b   Thumb Code    30  timer_function.o(.text)
    ENC_Calc_Rot_Speed2                      0x08001475   Thumb Code   136  encoder.o(.text)
    ENC_Calc_Rot_Speed1                      0x080014fd   Thumb Code   136  encoder.o(.text)
    ENC_Clear_Speed_Buffer                   0x08001585   Thumb Code    36  encoder.o(.text)
    ENC_Calc_Average_Speed                   0x080015a9   Thumb Code   216  encoder.o(.text)
    Gain2                                    0x08001681   Thumb Code   110  encoder.o(.text)
    Gain1                                    0x080016ef   Thumb Code   102  encoder.o(.text)
    TIM4_IRQHandler                          0x08001755   Thumb Code    36  encoder.o(.text)
    TIM3_IRQHandler                          0x08001779   Thumb Code    36  encoder.o(.text)
    delay_init                               0x080017f9   Thumb Code    50  delay.o(.text)
    delay_us                                 0x0800182b   Thumb Code    72  delay.o(.text)
    delay_ms                                 0x08001873   Thumb Code    72  delay.o(.text)
    _sys_exit                                0x080018cd   Thumb Code     4  usart.o(.text)
    fputc                                    0x080018d1   Thumb Code    24  usart.o(.text)
    UART_Configuration                       0x080018e9   Thumb Code   152  usart.o(.text)
    USART1_IRQHandler                        0x08001981   Thumb Code   122  usart.o(.text)
    Reset_Handler                            0x08001a0d   Thumb Code     8  startup_stm32f10x_hd.o(.text)
    ADC1_2_IRQHandler                        0x08001a27   Thumb Code     0  startup_stm32f10x_hd.o(.text)
    ADC3_IRQHandler                          0x08001a27   Thumb Code     0  startup_stm32f10x_hd.o(.text)
    CAN1_RX1_IRQHandler                      0x08001a27   Thumb Code     0  startup_stm32f10x_hd.o(.text)
    CAN1_SCE_IRQHandler                      0x08001a27   Thumb Code     0  startup_stm32f10x_hd.o(.text)
    DMA1_Channel1_IRQHandler                 0x08001a27   Thumb Code     0  startup_stm32f10x_hd.o(.text)
    DMA1_Channel2_IRQHandler                 0x08001a27   Thumb Code     0  startup_stm32f10x_hd.o(.text)
    DMA1_Channel3_IRQHandler                 0x08001a27   Thumb Code     0  startup_stm32f10x_hd.o(.text)
    DMA1_Channel4_IRQHandler                 0x08001a27   Thumb Code     0  startup_stm32f10x_hd.o(.text)
    DMA1_Channel5_IRQHandler                 0x08001a27   Thumb Code     0  startup_stm32f10x_hd.o(.text)
    DMA1_Channel6_IRQHandler                 0x08001a27   Thumb Code     0  startup_stm32f10x_hd.o(.text)
    DMA1_Channel7_IRQHandler                 0x08001a27   Thumb Code     0  startup_stm32f10x_hd.o(.text)
    DMA2_Channel1_IRQHandler                 0x08001a27   Thumb Code     0  startup_stm32f10x_hd.o(.text)
    DMA2_Channel2_IRQHandler                 0x08001a27   Thumb Code     0  startup_stm32f10x_hd.o(.text)
    DMA2_Channel3_IRQHandler                 0x08001a27   Thumb Code     0  startup_stm32f10x_hd.o(.text)
    DMA2_Channel4_5_IRQHandler               0x08001a27   Thumb Code     0  startup_stm32f10x_hd.o(.text)
    EXTI0_IRQHandler                         0x08001a27   Thumb Code     0  startup_stm32f10x_hd.o(.text)
    EXTI15_10_IRQHandler                     0x08001a27   Thumb Code     0  startup_stm32f10x_hd.o(.text)
    EXTI1_IRQHandler                         0x08001a27   Thumb Code     0  startup_stm32f10x_hd.o(.text)
    EXTI2_IRQHandler                         0x08001a27   Thumb Code     0  startup_stm32f10x_hd.o(.text)
    EXTI3_IRQHandler                         0x08001a27   Thumb Code     0  startup_stm32f10x_hd.o(.text)
    EXTI4_IRQHandler                         0x08001a27   Thumb Code     0  startup_stm32f10x_hd.o(.text)
    EXTI9_5_IRQHandler                       0x08001a27   Thumb Code     0  startup_stm32f10x_hd.o(.text)
    FLASH_IRQHandler                         0x08001a27   Thumb Code     0  startup_stm32f10x_hd.o(.text)
    FSMC_IRQHandler                          0x08001a27   Thumb Code     0  startup_stm32f10x_hd.o(.text)
    I2C1_ER_IRQHandler                       0x08001a27   Thumb Code     0  startup_stm32f10x_hd.o(.text)
    I2C1_EV_IRQHandler                       0x08001a27   Thumb Code     0  startup_stm32f10x_hd.o(.text)
    I2C2_ER_IRQHandler                       0x08001a27   Thumb Code     0  startup_stm32f10x_hd.o(.text)
    I2C2_EV_IRQHandler                       0x08001a27   Thumb Code     0  startup_stm32f10x_hd.o(.text)
    PVD_IRQHandler                           0x08001a27   Thumb Code     0  startup_stm32f10x_hd.o(.text)
    RCC_IRQHandler                           0x08001a27   Thumb Code     0  startup_stm32f10x_hd.o(.text)
    RTCAlarm_IRQHandler                      0x08001a27   Thumb Code     0  startup_stm32f10x_hd.o(.text)
    RTC_IRQHandler                           0x08001a27   Thumb Code     0  startup_stm32f10x_hd.o(.text)
    SDIO_IRQHandler                          0x08001a27   Thumb Code     0  startup_stm32f10x_hd.o(.text)
    SPI1_IRQHandler                          0x08001a27   Thumb Code     0  startup_stm32f10x_hd.o(.text)
    SPI2_IRQHandler                          0x08001a27   Thumb Code     0  startup_stm32f10x_hd.o(.text)
    SPI3_IRQHandler                          0x08001a27   Thumb Code     0  startup_stm32f10x_hd.o(.text)
    TAMPER_IRQHandler                        0x08001a27   Thumb Code     0  startup_stm32f10x_hd.o(.text)
    TIM1_BRK_IRQHandler                      0x08001a27   Thumb Code     0  startup_stm32f10x_hd.o(.text)
    TIM1_CC_IRQHandler                       0x08001a27   Thumb Code     0  startup_stm32f10x_hd.o(.text)
    TIM1_TRG_COM_IRQHandler                  0x08001a27   Thumb Code     0  startup_stm32f10x_hd.o(.text)
    TIM1_UP_IRQHandler                       0x08001a27   Thumb Code     0  startup_stm32f10x_hd.o(.text)
    TIM7_IRQHandler                          0x08001a27   Thumb Code     0  startup_stm32f10x_hd.o(.text)
    TIM8_BRK_IRQHandler                      0x08001a27   Thumb Code     0  startup_stm32f10x_hd.o(.text)
    TIM8_CC_IRQHandler                       0x08001a27   Thumb Code     0  startup_stm32f10x_hd.o(.text)
    TIM8_TRG_COM_IRQHandler                  0x08001a27   Thumb Code     0  startup_stm32f10x_hd.o(.text)
    TIM8_UP_IRQHandler                       0x08001a27   Thumb Code     0  startup_stm32f10x_hd.o(.text)
    UART4_IRQHandler                         0x08001a27   Thumb Code     0  startup_stm32f10x_hd.o(.text)
    UART5_IRQHandler                         0x08001a27   Thumb Code     0  startup_stm32f10x_hd.o(.text)
    USART2_IRQHandler                        0x08001a27   Thumb Code     0  startup_stm32f10x_hd.o(.text)
    USART3_IRQHandler                        0x08001a27   Thumb Code     0  startup_stm32f10x_hd.o(.text)
    USBWakeUp_IRQHandler                     0x08001a27   Thumb Code     0  startup_stm32f10x_hd.o(.text)
    USB_HP_CAN1_TX_IRQHandler                0x08001a27   Thumb Code     0  startup_stm32f10x_hd.o(.text)
    WWDG_IRQHandler                          0x08001a27   Thumb Code     0  startup_stm32f10x_hd.o(.text)
    NVIC_PriorityGroupConfig                 0x08001a31   Thumb Code    10  misc.o(.text)
    NVIC_Init                                0x08001a3b   Thumb Code   100  misc.o(.text)
    NVIC_SetVectorTable                      0x08001a9f   Thumb Code    14  misc.o(.text)
    NVIC_SystemLPConfig                      0x08001aad   Thumb Code    34  misc.o(.text)
    SysTick_CLKSourceConfig                  0x08001acf   Thumb Code    40  misc.o(.text)
    GPIO_DeInit                              0x08001b0d   Thumb Code   172  stm32f10x_gpio.o(.text)
    GPIO_AFIODeInit                          0x08001bb9   Thumb Code    20  stm32f10x_gpio.o(.text)
    GPIO_Init                                0x08001bcd   Thumb Code   278  stm32f10x_gpio.o(.text)
    GPIO_StructInit                          0x08001ce3   Thumb Code    16  stm32f10x_gpio.o(.text)
    GPIO_ReadInputDataBit                    0x08001cf3   Thumb Code    18  stm32f10x_gpio.o(.text)
    GPIO_ReadInputData                       0x08001d05   Thumb Code     8  stm32f10x_gpio.o(.text)
    GPIO_ReadOutputDataBit                   0x08001d0d   Thumb Code    18  stm32f10x_gpio.o(.text)
    GPIO_ReadOutputData                      0x08001d1f   Thumb Code     8  stm32f10x_gpio.o(.text)
    GPIO_SetBits                             0x08001d27   Thumb Code     4  stm32f10x_gpio.o(.text)
    GPIO_ResetBits                           0x08001d2b   Thumb Code     4  stm32f10x_gpio.o(.text)
    GPIO_WriteBit                            0x08001d2f   Thumb Code    10  stm32f10x_gpio.o(.text)
    GPIO_Write                               0x08001d39   Thumb Code     4  stm32f10x_gpio.o(.text)
    GPIO_PinLockConfig                       0x08001d3d   Thumb Code    18  stm32f10x_gpio.o(.text)
    GPIO_EventOutputConfig                   0x08001d4f   Thumb Code    26  stm32f10x_gpio.o(.text)
    GPIO_EventOutputCmd                      0x08001d69   Thumb Code     6  stm32f10x_gpio.o(.text)
    GPIO_PinRemapConfig                      0x08001d6f   Thumb Code   138  stm32f10x_gpio.o(.text)
    GPIO_EXTILineConfig                      0x08001df9   Thumb Code    66  stm32f10x_gpio.o(.text)
    GPIO_ETH_MediaInterfaceConfig            0x08001e3b   Thumb Code     8  stm32f10x_gpio.o(.text)
    RCC_DeInit                               0x08001e69   Thumb Code    64  stm32f10x_rcc.o(.text)
    RCC_HSEConfig                            0x08001ea9   Thumb Code    70  stm32f10x_rcc.o(.text)
    RCC_GetFlagStatus                        0x08001eef   Thumb Code    56  stm32f10x_rcc.o(.text)
    RCC_WaitForHSEStartUp                    0x08001f27   Thumb Code    56  stm32f10x_rcc.o(.text)
    RCC_AdjustHSICalibrationValue            0x08001f5f   Thumb Code    20  stm32f10x_rcc.o(.text)
    RCC_HSICmd                               0x08001f73   Thumb Code     6  stm32f10x_rcc.o(.text)
    RCC_PLLConfig                            0x08001f79   Thumb Code    24  stm32f10x_rcc.o(.text)
    RCC_PLLCmd                               0x08001f91   Thumb Code     6  stm32f10x_rcc.o(.text)
    RCC_SYSCLKConfig                         0x08001f97   Thumb Code    18  stm32f10x_rcc.o(.text)
    RCC_GetSYSCLKSource                      0x08001fa9   Thumb Code    10  stm32f10x_rcc.o(.text)
    RCC_HCLKConfig                           0x08001fb3   Thumb Code    18  stm32f10x_rcc.o(.text)
    RCC_PCLK1Config                          0x08001fc5   Thumb Code    18  stm32f10x_rcc.o(.text)
    RCC_PCLK2Config                          0x08001fd7   Thumb Code    20  stm32f10x_rcc.o(.text)
    RCC_ITConfig                             0x08001feb   Thumb Code    26  stm32f10x_rcc.o(.text)
    RCC_USBCLKConfig                         0x08002005   Thumb Code     8  stm32f10x_rcc.o(.text)
    RCC_ADCCLKConfig                         0x0800200d   Thumb Code    18  stm32f10x_rcc.o(.text)
    RCC_LSEConfig                            0x0800201f   Thumb Code    50  stm32f10x_rcc.o(.text)
    RCC_LSICmd                               0x08002051   Thumb Code     6  stm32f10x_rcc.o(.text)
    RCC_RTCCLKConfig                         0x08002057   Thumb Code    12  stm32f10x_rcc.o(.text)
    RCC_RTCCLKCmd                            0x08002063   Thumb Code     8  stm32f10x_rcc.o(.text)
    RCC_GetClocksFreq                        0x0800206b   Thumb Code   192  stm32f10x_rcc.o(.text)
    RCC_AHBPeriphClockCmd                    0x0800212b   Thumb Code    26  stm32f10x_rcc.o(.text)
    RCC_APB2PeriphClockCmd                   0x08002145   Thumb Code    26  stm32f10x_rcc.o(.text)
    RCC_APB1PeriphClockCmd                   0x0800215f   Thumb Code    26  stm32f10x_rcc.o(.text)
    RCC_APB2PeriphResetCmd                   0x08002179   Thumb Code    26  stm32f10x_rcc.o(.text)
    RCC_APB1PeriphResetCmd                   0x08002193   Thumb Code    26  stm32f10x_rcc.o(.text)
    RCC_BackupResetCmd                       0x080021ad   Thumb Code     8  stm32f10x_rcc.o(.text)
    RCC_ClockSecuritySystemCmd               0x080021b5   Thumb Code     6  stm32f10x_rcc.o(.text)
    RCC_MCOConfig                            0x080021bb   Thumb Code     6  stm32f10x_rcc.o(.text)
    RCC_ClearFlag                            0x080021c1   Thumb Code    14  stm32f10x_rcc.o(.text)
    RCC_GetITStatus                          0x080021cf   Thumb Code    20  stm32f10x_rcc.o(.text)
    RCC_ClearITPendingBit                    0x080021e3   Thumb Code     6  stm32f10x_rcc.o(.text)
    USART_DeInit                             0x0800220d   Thumb Code   134  stm32f10x_usart.o(.text)
    USART_Init                               0x08002293   Thumb Code   210  stm32f10x_usart.o(.text)
    USART_StructInit                         0x08002365   Thumb Code    24  stm32f10x_usart.o(.text)
    USART_ClockInit                          0x0800237d   Thumb Code    34  stm32f10x_usart.o(.text)
    USART_ClockStructInit                    0x0800239f   Thumb Code    12  stm32f10x_usart.o(.text)
    USART_Cmd                                0x080023ab   Thumb Code    24  stm32f10x_usart.o(.text)
    USART_ITConfig                           0x080023c3   Thumb Code    74  stm32f10x_usart.o(.text)
    USART_DMACmd                             0x0800240d   Thumb Code    18  stm32f10x_usart.o(.text)
    USART_SetAddress                         0x0800241f   Thumb Code    18  stm32f10x_usart.o(.text)
    USART_WakeUpConfig                       0x08002431   Thumb Code    18  stm32f10x_usart.o(.text)
    USART_ReceiverWakeUpCmd                  0x08002443   Thumb Code    24  stm32f10x_usart.o(.text)
    USART_LINBreakDetectLengthConfig         0x0800245b   Thumb Code    18  stm32f10x_usart.o(.text)
    USART_LINCmd                             0x0800246d   Thumb Code    24  stm32f10x_usart.o(.text)
    USART_SendData                           0x08002485   Thumb Code     8  stm32f10x_usart.o(.text)
    USART_ReceiveData                        0x0800248d   Thumb Code    10  stm32f10x_usart.o(.text)
    USART_SendBreak                          0x08002497   Thumb Code    10  stm32f10x_usart.o(.text)
    USART_SetGuardTime                       0x080024a1   Thumb Code    16  stm32f10x_usart.o(.text)
    USART_SetPrescaler                       0x080024b1   Thumb Code    16  stm32f10x_usart.o(.text)
    USART_SmartCardCmd                       0x080024c1   Thumb Code    24  stm32f10x_usart.o(.text)
    USART_SmartCardNACKCmd                   0x080024d9   Thumb Code    24  stm32f10x_usart.o(.text)
    USART_HalfDuplexCmd                      0x080024f1   Thumb Code    24  stm32f10x_usart.o(.text)
    USART_OverSampling8Cmd                   0x08002509   Thumb Code    22  stm32f10x_usart.o(.text)
    USART_OneBitMethodCmd                    0x0800251f   Thumb Code    24  stm32f10x_usart.o(.text)
    USART_IrDAConfig                         0x08002537   Thumb Code    18  stm32f10x_usart.o(.text)
    USART_IrDACmd                            0x08002549   Thumb Code    24  stm32f10x_usart.o(.text)
    USART_GetFlagStatus                      0x08002561   Thumb Code    26  stm32f10x_usart.o(.text)
    USART_ClearFlag                          0x0800257b   Thumb Code    18  stm32f10x_usart.o(.text)
    USART_GetITStatus                        0x0800258d   Thumb Code    84  stm32f10x_usart.o(.text)
    USART_ClearITPendingBit                  0x080025e1   Thumb Code    52  stm32f10x_usart.o(.text)
    DAC_DeInit                               0x08002615   Thumb Code    22  stm32f10x_dac.o(.text)
    DAC_Init                                 0x0800262b   Thumb Code    46  stm32f10x_dac.o(.text)
    DAC_StructInit                           0x08002659   Thumb Code    12  stm32f10x_dac.o(.text)
    DAC_Cmd                                  0x08002665   Thumb Code    34  stm32f10x_dac.o(.text)
    DAC_DMACmd                               0x08002687   Thumb Code    38  stm32f10x_dac.o(.text)
    DAC_SoftwareTriggerCmd                   0x080026ad   Thumb Code    48  stm32f10x_dac.o(.text)
    DAC_DualSoftwareTriggerCmd               0x080026dd   Thumb Code    38  stm32f10x_dac.o(.text)
    DAC_WaveGenerationCmd                    0x08002703   Thumb Code    36  stm32f10x_dac.o(.text)
    DAC_SetChannel1Data                      0x08002727   Thumb Code    26  stm32f10x_dac.o(.text)
    DAC_SetChannel2Data                      0x08002741   Thumb Code    26  stm32f10x_dac.o(.text)
    DAC_SetDualChannelData                   0x0800275b   Thumb Code    32  stm32f10x_dac.o(.text)
    DAC_GetDataOutputValue                   0x0800277b   Thumb Code    32  stm32f10x_dac.o(.text)
    FLASH_SetLatency                         0x080027a1   Thumb Code    18  stm32f10x_flash.o(.text)
    FLASH_HalfCycleAccessCmd                 0x080027b3   Thumb Code    22  stm32f10x_flash.o(.text)
    FLASH_PrefetchBufferCmd                  0x080027c9   Thumb Code    22  stm32f10x_flash.o(.text)
    FLASH_Unlock                             0x080027df   Thumb Code    12  stm32f10x_flash.o(.text)
    FLASH_UnlockBank1                        0x080027eb   Thumb Code    12  stm32f10x_flash.o(.text)
    FLASH_Lock                               0x080027f7   Thumb Code    14  stm32f10x_flash.o(.text)
    FLASH_LockBank1                          0x08002805   Thumb Code    14  stm32f10x_flash.o(.text)
    FLASH_GetBank1Status                     0x08002813   Thumb Code    48  stm32f10x_flash.o(.text)
    FLASH_WaitForLastOperation               0x08002843   Thumb Code    38  stm32f10x_flash.o(.text)
    FLASH_ErasePage                          0x08002869   Thumb Code    72  stm32f10x_flash.o(.text)
    FLASH_EraseAllPages                      0x080028b1   Thumb Code    68  stm32f10x_flash.o(.text)
    FLASH_WaitForLastBank1Operation          0x080028f5   Thumb Code    38  stm32f10x_flash.o(.text)
    FLASH_EraseAllBank1Pages                 0x0800291b   Thumb Code    68  stm32f10x_flash.o(.text)
    FLASH_GetReadOutProtectionStatus         0x0800295f   Thumb Code    20  stm32f10x_flash.o(.text)
    FLASH_EraseOptionBytes                   0x08002973   Thumb Code   150  stm32f10x_flash.o(.text)
    FLASH_ProgramWord                        0x08002a09   Thumb Code   102  stm32f10x_flash.o(.text)
    FLASH_ProgramHalfWord                    0x08002a6f   Thumb Code    60  stm32f10x_flash.o(.text)
    FLASH_ProgramOptionByteData              0x08002aab   Thumb Code    72  stm32f10x_flash.o(.text)
    FLASH_EnableWriteProtection              0x08002af3   Thumb Code   200  stm32f10x_flash.o(.text)
    FLASH_ReadOutProtection                  0x08002bbb   Thumb Code   156  stm32f10x_flash.o(.text)
    FLASH_UserOptionByteConfig               0x08002c57   Thumb Code    88  stm32f10x_flash.o(.text)
    FLASH_GetUserOptionByte                  0x08002caf   Thumb Code     8  stm32f10x_flash.o(.text)
    FLASH_GetWriteProtectionOptionByte       0x08002cb7   Thumb Code     6  stm32f10x_flash.o(.text)
    FLASH_GetPrefetchBufferStatus            0x08002cbd   Thumb Code    20  stm32f10x_flash.o(.text)
    FLASH_ITConfig                           0x08002cd1   Thumb Code    26  stm32f10x_flash.o(.text)
    FLASH_GetFlagStatus                      0x08002ceb   Thumb Code    42  stm32f10x_flash.o(.text)
    FLASH_ClearFlag                          0x08002d15   Thumb Code     6  stm32f10x_flash.o(.text)
    FLASH_GetStatus                          0x08002d1b   Thumb Code    48  stm32f10x_flash.o(.text)
    TIM_DeInit                               0x08002d5d   Thumb Code   424  stm32f10x_tim.o(.text)
    TIM_TimeBaseInit                         0x08002f05   Thumb Code   122  stm32f10x_tim.o(.text)
    TIM_OC1Init                              0x08002f7f   Thumb Code   132  stm32f10x_tim.o(.text)
    TIM_OC2Init                              0x08003003   Thumb Code   154  stm32f10x_tim.o(.text)
    TIM_OC3Init                              0x0800309d   Thumb Code   150  stm32f10x_tim.o(.text)
    TIM_OC4Init                              0x08003133   Thumb Code   182  stm32f10x_tim.o(.text)
    TIM_SetIC4Prescaler                      0x080031e9   Thumb Code    26  stm32f10x_tim.o(.text)
    TIM_SetIC3Prescaler                      0x08003285   Thumb Code    18  stm32f10x_tim.o(.text)
    TIM_SetIC2Prescaler                      0x08003311   Thumb Code    26  stm32f10x_tim.o(.text)
    TIM_SetIC1Prescaler                      0x080033ad   Thumb Code    18  stm32f10x_tim.o(.text)
    TIM_ICInit                               0x0800342b   Thumb Code   150  stm32f10x_tim.o(.text)
    TIM_PWMIConfig                           0x080034c1   Thumb Code   124  stm32f10x_tim.o(.text)
    TIM_BDTRConfig                           0x0800353d   Thumb Code    32  stm32f10x_tim.o(.text)
    TIM_TimeBaseStructInit                   0x0800355d   Thumb Code    18  stm32f10x_tim.o(.text)
    TIM_OCStructInit                         0x0800356f   Thumb Code    20  stm32f10x_tim.o(.text)
    TIM_ICStructInit                         0x08003583   Thumb Code    18  stm32f10x_tim.o(.text)
    TIM_BDTRStructInit                       0x08003595   Thumb Code    40  stm32f10x_tim.o(.text)
    TIM_Cmd                                  0x080035bd   Thumb Code    24  stm32f10x_tim.o(.text)
    TIM_CtrlPWMOutputs                       0x080035d5   Thumb Code    30  stm32f10x_tim.o(.text)
    TIM_ITConfig                             0x080035f3   Thumb Code    18  stm32f10x_tim.o(.text)
    TIM_GenerateEvent                        0x08003605   Thumb Code     4  stm32f10x_tim.o(.text)
    TIM_DMAConfig                            0x08003609   Thumb Code    10  stm32f10x_tim.o(.text)
    TIM_DMACmd                               0x08003613   Thumb Code    18  stm32f10x_tim.o(.text)
    TIM_InternalClockConfig                  0x08003625   Thumb Code    12  stm32f10x_tim.o(.text)
    TIM_SelectInputTrigger                   0x08003631   Thumb Code    18  stm32f10x_tim.o(.text)
    TIM_ITRxExternalClockConfig              0x08003643   Thumb Code    24  stm32f10x_tim.o(.text)
    TIM_TIxExternalClockConfig               0x0800365b   Thumb Code    62  stm32f10x_tim.o(.text)
    TIM_ETRConfig                            0x08003699   Thumb Code    28  stm32f10x_tim.o(.text)
    TIM_ETRClockMode1Config                  0x080036b5   Thumb Code    54  stm32f10x_tim.o(.text)
    TIM_ETRClockMode2Config                  0x080036eb   Thumb Code    32  stm32f10x_tim.o(.text)
    TIM_PrescalerConfig                      0x0800370b   Thumb Code     6  stm32f10x_tim.o(.text)
    TIM_CounterModeConfig                    0x08003711   Thumb Code    18  stm32f10x_tim.o(.text)
    TIM_EncoderInterfaceConfig               0x08003723   Thumb Code    66  stm32f10x_tim.o(.text)
    TIM_ForcedOC1Config                      0x08003765   Thumb Code    18  stm32f10x_tim.o(.text)
    TIM_ForcedOC2Config                      0x08003777   Thumb Code    26  stm32f10x_tim.o(.text)
    TIM_ForcedOC3Config                      0x08003791   Thumb Code    18  stm32f10x_tim.o(.text)
    TIM_ForcedOC4Config                      0x080037a3   Thumb Code    26  stm32f10x_tim.o(.text)
    TIM_ARRPreloadConfig                     0x080037bd   Thumb Code    24  stm32f10x_tim.o(.text)
    TIM_SelectCOM                            0x080037d5   Thumb Code    24  stm32f10x_tim.o(.text)
    TIM_SelectCCDMA                          0x080037ed   Thumb Code    24  stm32f10x_tim.o(.text)
    TIM_CCPreloadControl                     0x08003805   Thumb Code    24  stm32f10x_tim.o(.text)
    TIM_OC1PreloadConfig                     0x0800381d   Thumb Code    18  stm32f10x_tim.o(.text)
    TIM_OC2PreloadConfig                     0x0800382f   Thumb Code    26  stm32f10x_tim.o(.text)
    TIM_OC3PreloadConfig                     0x08003849   Thumb Code    18  stm32f10x_tim.o(.text)
    TIM_OC4PreloadConfig                     0x0800385b   Thumb Code    26  stm32f10x_tim.o(.text)
    TIM_OC1FastConfig                        0x08003875   Thumb Code    18  stm32f10x_tim.o(.text)
    TIM_OC2FastConfig                        0x08003887   Thumb Code    26  stm32f10x_tim.o(.text)
    TIM_OC3FastConfig                        0x080038a1   Thumb Code    18  stm32f10x_tim.o(.text)
    TIM_OC4FastConfig                        0x080038b3   Thumb Code    26  stm32f10x_tim.o(.text)
    TIM_ClearOC1Ref                          0x080038cd   Thumb Code    18  stm32f10x_tim.o(.text)
    TIM_ClearOC2Ref                          0x080038df   Thumb Code    24  stm32f10x_tim.o(.text)
    TIM_ClearOC3Ref                          0x080038f7   Thumb Code    18  stm32f10x_tim.o(.text)
    TIM_ClearOC4Ref                          0x08003909   Thumb Code    24  stm32f10x_tim.o(.text)
    TIM_OC1PolarityConfig                    0x08003921   Thumb Code    18  stm32f10x_tim.o(.text)
    TIM_OC1NPolarityConfig                   0x08003933   Thumb Code    18  stm32f10x_tim.o(.text)
    TIM_OC2PolarityConfig                    0x08003945   Thumb Code    26  stm32f10x_tim.o(.text)
    TIM_OC2NPolarityConfig                   0x0800395f   Thumb Code    26  stm32f10x_tim.o(.text)
    TIM_OC3PolarityConfig                    0x08003979   Thumb Code    26  stm32f10x_tim.o(.text)
    TIM_OC3NPolarityConfig                   0x08003993   Thumb Code    26  stm32f10x_tim.o(.text)
    TIM_OC4PolarityConfig                    0x080039ad   Thumb Code    26  stm32f10x_tim.o(.text)
    TIM_CCxCmd                               0x080039c7   Thumb Code    30  stm32f10x_tim.o(.text)
    TIM_CCxNCmd                              0x080039e5   Thumb Code    30  stm32f10x_tim.o(.text)
    TIM_SelectOCxM                           0x08003a03   Thumb Code    82  stm32f10x_tim.o(.text)
    TIM_UpdateDisableConfig                  0x08003a55   Thumb Code    24  stm32f10x_tim.o(.text)
    TIM_UpdateRequestConfig                  0x08003a6d   Thumb Code    24  stm32f10x_tim.o(.text)
    TIM_SelectHallSensor                     0x08003a85   Thumb Code    24  stm32f10x_tim.o(.text)
    TIM_SelectOnePulseMode                   0x08003a9d   Thumb Code    18  stm32f10x_tim.o(.text)
    TIM_SelectOutputTrigger                  0x08003aaf   Thumb Code    18  stm32f10x_tim.o(.text)
    TIM_SelectSlaveMode                      0x08003ac1   Thumb Code    18  stm32f10x_tim.o(.text)
    TIM_SelectMasterSlaveMode                0x08003ad3   Thumb Code    18  stm32f10x_tim.o(.text)
    TIM_SetCounter                           0x08003ae5   Thumb Code     4  stm32f10x_tim.o(.text)
    TIM_SetAutoreload                        0x08003ae9   Thumb Code     4  stm32f10x_tim.o(.text)
    TIM_SetCompare1                          0x08003aed   Thumb Code     4  stm32f10x_tim.o(.text)
    TIM_SetCompare2                          0x08003af1   Thumb Code     4  stm32f10x_tim.o(.text)
    TIM_SetCompare3                          0x08003af5   Thumb Code     4  stm32f10x_tim.o(.text)
    TIM_SetCompare4                          0x08003af9   Thumb Code     6  stm32f10x_tim.o(.text)
    TIM_SetClockDivision                     0x08003aff   Thumb Code    18  stm32f10x_tim.o(.text)
    TIM_GetCapture1                          0x08003b11   Thumb Code     6  stm32f10x_tim.o(.text)
    TIM_GetCapture2                          0x08003b17   Thumb Code     6  stm32f10x_tim.o(.text)
    TIM_GetCapture3                          0x08003b1d   Thumb Code     6  stm32f10x_tim.o(.text)
    TIM_GetCapture4                          0x08003b23   Thumb Code     8  stm32f10x_tim.o(.text)
    TIM_GetCounter                           0x08003b2b   Thumb Code     6  stm32f10x_tim.o(.text)
    TIM_GetPrescaler                         0x08003b31   Thumb Code     6  stm32f10x_tim.o(.text)
    TIM_GetFlagStatus                        0x08003b37   Thumb Code    18  stm32f10x_tim.o(.text)
    TIM_ClearFlag                            0x08003b49   Thumb Code     6  stm32f10x_tim.o(.text)
    TIM_GetITStatus                          0x08003b4f   Thumb Code    34  stm32f10x_tim.o(.text)
    TIM_ClearITPendingBit                    0x08003b71   Thumb Code     6  stm32f10x_tim.o(.text)
    us_uart_checksum                         0x08003b79   Thumb Code    80  us_can_zyt.o(.text)
    us_usart_trans                           0x08003bc9   Thumb Code    92  us_can_zyt.o(.text)
    us_usart_receivedata                     0x08003c25   Thumb Code    56  us_can_zyt.o(.text)
    cp_mcu_delay_ms                          0x08003c75   Thumb Code    32  us_mcu_transfer.o(.text)
    us_mcu_rc_buff_init                      0x08003c95   Thumb Code    12  us_mcu_transfer.o(.text)
    us_mcu_rc_buff_enter                     0x08003ca1   Thumb Code   122  us_mcu_transfer.o(.text)
    us_dev_error                             0x08003d1b   Thumb Code    72  us_mcu_transfer.o(.text)
    us_mcu_uart_coder                        0x08003d63   Thumb Code    94  us_mcu_transfer.o(.text)
    sjs_robot_encoder_send                   0x08003dc1   Thumb Code    96  us_mcu_transfer.o(.text)
    sjs_robot_ULT_send                       0x08003e21   Thumb Code    90  us_mcu_transfer.o(.text)
    sjs_robot_usb_send                       0x08003e7b   Thumb Code    78  us_mcu_transfer.o(.text)
    us_usart_rc_buff_enter                   0x08003ec9   Thumb Code    94  us_mcu_transfer.o(.text)
    us_usart_rc_buff_delete                  0x08003f27   Thumb Code    64  us_mcu_transfer.o(.text)
    us_mcu_rc_buff_delete                    0x08003f67   Thumb Code    76  us_mcu_transfer.o(.text)
    us_mcu_usb_send                          0x08003fb3   Thumb Code    20  us_mcu_transfer.o(.text)
    us_mcu_id_get                            0x08003fc7   Thumb Code    28  us_mcu_transfer.o(.text)
    us_dev_trans_config                      0x08003fe3   Thumb Code   210  us_mcu_transfer.o(.text)
    us_mcu_input_data                        0x080040b5   Thumb Code   132  us_mcu_transfer.o(.text)
    us_mcu_flash_load                        0x08004139   Thumb Code    36  us_mcu_transfer.o(.text)
    us_mcu_flash_store                       0x0800415d   Thumb Code    84  us_mcu_transfer.o(.text)
    us_mcu_flash_fill                        0x080041b1   Thumb Code    94  us_mcu_transfer.o(.text)
    us_mcu_flash_fetch                       0x0800420f   Thumb Code   178  us_mcu_transfer.o(.text)
    us_dev_host_id_get                       0x080042c1   Thumb Code    58  us_mcu_transfer.o(.text)
    sns_mcu_sensor_decoder                   0x080042fb   Thumb Code   122  us_mcu_transfer.o(.text)
    robot_mcu_Encoder_decoder                0x08004375   Thumb Code   108  us_mcu_transfer.o(.text)
    robot_mcu_pwr_decoder                    0x080043e1   Thumb Code    56  us_mcu_transfer.o(.text)
    robot_mcu_speed_decoder                  0x08004419   Thumb Code    68  us_mcu_transfer.o(.text)
    robot_mcu_whistled_decoder               0x0800445d   Thumb Code    40  us_mcu_transfer.o(.text)
    robot_mcu_joystick_decoder               0x08004485   Thumb Code   202  us_mcu_transfer.o(.text)
    sjs_mcu_id_get                           0x0800454f   Thumb Code   104  us_mcu_transfer.o(.text)
    us_mcu_recave                            0x080045b7   Thumb Code   304  us_mcu_transfer.o(.text)
    USB_SendData                             0x080046fd   Thumb Code    36  usbio.o(.text)
    USB_GetData                              0x08004721   Thumb Code    32  usbio.o(.text)
    us_mcu_link_check                        0x08004745   Thumb Code   110  timer_interrupt.o(.text)
    us_mcu_ping                              0x080047b3   Thumb Code    42  timer_interrupt.o(.text)
    us_mcu_usart_timeout                     0x080047dd   Thumb Code    48  timer_interrupt.o(.text)
    us_mcu_g_sensor_timeout                  0x0800480d   Thumb Code    40  timer_interrupt.o(.text)
    TIM2_IRQHandler                          0x08004835   Thumb Code    52  timer_interrupt.o(.text)
    TIM5_IRQHandler                          0x08004869   Thumb Code   124  timer_interrupt.o(.text)
    TIM6_IRQHandler                          0x080048e5   Thumb Code   148  timer_interrupt.o(.text)
    PID_calculate                            0x080049d9   Thumb Code   198  pid.o(.text)
    odometry                                 0x08004ab5   Thumb Code   480  odometry.o(.text)
    Standard_GetConfiguration                0x08004cf9   Thumb Code    34  usb_core.o(.text)
    Standard_SetConfiguration                0x08004d1b   Thumb Code    60  usb_core.o(.text)
    Standard_GetInterface                    0x08004d57   Thumb Code    34  usb_core.o(.text)
    Standard_SetInterface                    0x08004d79   Thumb Code    96  usb_core.o(.text)
    Standard_GetStatus                       0x08004dd9   Thumb Code   238  usb_core.o(.text)
    Standard_ClearFeature                    0x08004ec7   Thumb Code   342  usb_core.o(.text)
    Standard_SetEndPointFeature              0x0800501d   Thumb Code   220  usb_core.o(.text)
    Standard_SetDeviceFeature                0x080050f9   Thumb Code    30  usb_core.o(.text)
    Standard_GetDescriptorData               0x08005117   Thumb Code    32  usb_core.o(.text)
    Post0_Process                            0x0800564b   Thumb Code    54  usb_core.o(.text)
    Setup0_Process                           0x08005681   Thumb Code   170  usb_core.o(.text)
    SetDeviceAddress                         0x0800572b   Thumb Code    70  usb_core.o(.text)
    In0_Process                              0x08005771   Thumb Code    98  usb_core.o(.text)
    Out0_Process                             0x080057d3   Thumb Code    70  usb_core.o(.text)
    NOP_Process                              0x08005819   Thumb Code     2  usb_core.o(.text)
    USB_Init                                 0x08005849   Thumb Code    36  usb_init.o(.text)
    CTR_LP                                   0x08005885   Thumb Code   616  usb_int.o(.text)
    CTR_HP                                   0x08005aed   Thumb Code   178  usb_int.o(.text)
    UserToPMABufferCopy                      0x08005bc1   Thumb Code    52  usb_mem.o(.text)
    PMAToUserBufferCopy                      0x08005bf5   Thumb Code    34  usb_mem.o(.text)
    SetCNTR                                  0x08005c1d   Thumb Code     6  usb_regs.o(.text)
    GetCNTR                                  0x08005c23   Thumb Code     8  usb_regs.o(.text)
    SetISTR                                  0x08005c2b   Thumb Code     8  usb_regs.o(.text)
    GetISTR                                  0x08005c33   Thumb Code    10  usb_regs.o(.text)
    GetFNR                                   0x08005c3d   Thumb Code    10  usb_regs.o(.text)
    SetDADDR                                 0x08005c47   Thumb Code     8  usb_regs.o(.text)
    GetDADDR                                 0x08005c4f   Thumb Code    10  usb_regs.o(.text)
    SetBTABLE                                0x08005c59   Thumb Code    14  usb_regs.o(.text)
    GetBTABLE                                0x08005c67   Thumb Code    10  usb_regs.o(.text)
    SetENDPOINT                              0x08005c71   Thumb Code    12  usb_regs.o(.text)
    GetENDPOINT                              0x08005c7d   Thumb Code    16  usb_regs.o(.text)
    SetEPType                                0x08005c8d   Thumb Code    32  usb_regs.o(.text)
    GetEPType                                0x08005cad   Thumb Code    18  usb_regs.o(.text)
    SetEPTxStatus                            0x08005cbf   Thumb Code    60  usb_regs.o(.text)
    SetEPRxStatus                            0x08005cfb   Thumb Code    60  usb_regs.o(.text)
    SetDouBleBuffEPStall                     0x08005d37   Thumb Code    54  usb_regs.o(.text)
    GetEPTxStatus                            0x08005d6d   Thumb Code    18  usb_regs.o(.text)
    GetEPRxStatus                            0x08005d7f   Thumb Code    18  usb_regs.o(.text)
    SetEPTxValid                             0x08005d91   Thumb Code    48  usb_regs.o(.text)
    SetEPRxValid                             0x08005dc1   Thumb Code    48  usb_regs.o(.text)
    SetEP_KIND                               0x08005df1   Thumb Code    38  usb_regs.o(.text)
    ClearEP_KIND                             0x08005e17   Thumb Code    34  usb_regs.o(.text)
    Clear_Status_Out                         0x08005e39   Thumb Code    34  usb_regs.o(.text)
    Set_Status_Out                           0x08005e5b   Thumb Code    38  usb_regs.o(.text)
    SetEPDoubleBuff                          0x08005e81   Thumb Code    38  usb_regs.o(.text)
    ClearEPDoubleBuff                        0x08005ea7   Thumb Code    34  usb_regs.o(.text)
    GetTxStallStatus                         0x08005ec9   Thumb Code    28  usb_regs.o(.text)
    GetRxStallStatus                         0x08005ee5   Thumb Code    30  usb_regs.o(.text)
    ClearEP_CTR_RX                           0x08005f03   Thumb Code    32  usb_regs.o(.text)
    ClearEP_CTR_TX                           0x08005f23   Thumb Code    28  usb_regs.o(.text)
    ToggleDTOG_RX                            0x08005f3f   Thumb Code    34  usb_regs.o(.text)
    ToggleDTOG_TX                            0x08005f61   Thumb Code    34  usb_regs.o(.text)
    ClearDTOG_RX                             0x08005f83   Thumb Code    48  usb_regs.o(.text)
    ClearDTOG_TX                             0x08005fb3   Thumb Code    48  usb_regs.o(.text)
    SetEPAddress                             0x08005fe3   Thumb Code    46  usb_regs.o(.text)
    GetEPAddress                             0x08006011   Thumb Code    18  usb_regs.o(.text)
    SetEPTxAddr                              0x08006023   Thumb Code    24  usb_regs.o(.text)
    SetEPRxAddr                              0x0800603b   Thumb Code    26  usb_regs.o(.text)
    GetEPTxAddr                              0x08006055   Thumb Code    22  usb_regs.o(.text)
    GetEPRxAddr                              0x0800606b   Thumb Code    24  usb_regs.o(.text)
    SetEPTxCount                             0x08006083   Thumb Code    20  usb_regs.o(.text)
    SetEPCountRxReg                          0x08006097   Thumb Code    48  usb_regs.o(.text)
    SetEPRxCount                             0x080060c7   Thumb Code    68  usb_regs.o(.text)
    GetEPTxCount                             0x0800610b   Thumb Code    26  usb_regs.o(.text)
    GetEPRxCount                             0x08006125   Thumb Code    26  usb_regs.o(.text)
    SetEPDblBuffAddr                         0x0800613f   Thumb Code    44  usb_regs.o(.text)
    SetEPDblBuf0Addr                         0x0800616b   Thumb Code    24  usb_regs.o(.text)
    SetEPDblBuf1Addr                         0x08006183   Thumb Code    26  usb_regs.o(.text)
    GetEPDblBuf0Addr                         0x0800619d   Thumb Code    22  usb_regs.o(.text)
    GetEPDblBuf1Addr                         0x080061b3   Thumb Code    24  usb_regs.o(.text)
    SetEPDblBuffCount                        0x080061cb   Thumb Code   186  usb_regs.o(.text)
    SetEPDblBuf0Count                        0x08006285   Thumb Code    96  usb_regs.o(.text)
    SetEPDblBuf1Count                        0x080062e5   Thumb Code    96  usb_regs.o(.text)
    GetEPDblBuf0Count                        0x08006345   Thumb Code    26  usb_regs.o(.text)
    GetEPDblBuf1Count                        0x0800635f   Thumb Code    26  usb_regs.o(.text)
    GetEPDblBufDir                           0x08006379   Thumb Code    62  usb_regs.o(.text)
    FreeUserBuffer                           0x080063b7   Thumb Code    90  usb_regs.o(.text)
    ToWord                                   0x08006411   Thumb Code     8  usb_regs.o(.text)
    ByteSwap                                 0x08006419   Thumb Code    12  usb_regs.o(.text)
    USB_SIL_Init                             0x08006425   Thumb Code    28  usb_sil.o(.text)
    USB_SIL_Write                            0x08006441   Thumb Code    46  usb_sil.o(.text)
    USB_SIL_Read                             0x0800646f   Thumb Code    46  usb_sil.o(.text)
    EP1_IN_Callback                          0x080064a5   Thumb Code     2  usb_endp.o(.text)
    EP1_OUT_Callback                         0x080064a7   Thumb Code     8  usb_endp.o(.text)
    EP2_IN_Callback                          0x080064af   Thumb Code     2  usb_endp.o(.text)
    USB_Istr                                 0x080064b1   Thumb Code   222  usb_istr.o(.text)
    CustomHID_init                           0x080065a9   Thumb Code    30  usb_prop.o(.text)
    CustomHID_Reset                          0x080065c7   Thumb Code   182  usb_prop.o(.text)
    CustomHID_SetConfiguration               0x0800667d   Thumb Code    14  usb_prop.o(.text)
    CustomHID_SetDeviceAddress               0x0800668b   Thumb Code     8  usb_prop.o(.text)
    CustomHID_Status_In                      0x08006693   Thumb Code     2  usb_prop.o(.text)
    CustomHID_Status_Out                     0x08006695   Thumb Code     2  usb_prop.o(.text)
    CustomHID_GetProtocolValue               0x08006697   Thumb Code    20  usb_prop.o(.text)
    CustomHID_GetHIDDescriptor               0x080066ab   Thumb Code    14  usb_prop.o(.text)
    CustomHID_GetReportDescriptor            0x080066b9   Thumb Code    14  usb_prop.o(.text)
    CustomHID_Data_Setup                     0x080066c7   Thumb Code   114  usb_prop.o(.text)
    CustomHID_SetProtocol                    0x08006739   Thumb Code    14  usb_prop.o(.text)
    CustomHID_NoData_Setup                   0x08006747   Thumb Code    32  usb_prop.o(.text)
    CustomHID_GetDeviceDescriptor            0x08006767   Thumb Code    14  usb_prop.o(.text)
    CustomHID_GetConfigDescriptor            0x08006775   Thumb Code    14  usb_prop.o(.text)
    CustomHID_GetStringDescriptor            0x08006783   Thumb Code    32  usb_prop.o(.text)
    CustomHID_Get_Interface_Setting          0x080067a3   Thumb Code    22  usb_prop.o(.text)
    PowerOn                                  0x080067e5   Thumb Code    54  usb_pwr.o(.text)
    PowerOff                                 0x0800681b   Thumb Code    28  usb_pwr.o(.text)
    Suspend                                  0x08006837   Thumb Code    34  usb_pwr.o(.text)
    Resume_Init                              0x08006859   Thumb Code    30  usb_pwr.o(.text)
    Resume                                   0x08006877   Thumb Code   168  usb_pwr.o(.text)
    iNEMO_AHRS_Init                          0x0800692d   Thumb Code   458  inemo_ahrs.o(.text)
    iNEMO_AHRS_DeInit                        0x08006af7   Thumb Code    82  inemo_ahrs.o(.text)
    iNEMO_AHRS_Update                        0x08006b49   Thumb Code  4144  inemo_ahrs.o(.text)
    iNEMO_Malloc                             0x08007b7d   Thumb Code    12  inemo_ahrs_memman_1.o(.text)
    iNEMO_Free                               0x08007b89   Thumb Code    12  inemo_ahrs_memman_1.o(.text)
    iNEMO_PropagateP                         0x08007b95   Thumb Code    74  inemo_ekf.o(.text)
    iNEMO_CalculateK                         0x08007bdf   Thumb Code   136  inemo_ekf.o(.text)
    iNEMO_UpdateP                            0x08007c67   Thumb Code    98  inemo_ekf.o(.text)
    iNEMO_fMatCreate                         0x08007cc9   Thumb Code    70  inemo_math.o(.text)
    iNEMO_sMatCreate                         0x08007d0f   Thumb Code    70  inemo_math.o(.text)
    iNEMO_fMatCreateInit                     0x08007d55   Thumb Code   146  inemo_math.o(.text)
    iNEMO_fMatFill                           0x08007de7   Thumb Code    44  inemo_math.o(.text)
    iNEMO_fMatFree                           0x08007e13   Thumb Code    50  inemo_math.o(.text)
    iNEMO_sMatFree                           0x08007e45   Thumb Code    50  inemo_math.o(.text)
    iNEMO_fMatCopy                           0x08007e77   Thumb Code    84  inemo_math.o(.text)
    iNEMO_fMatAdd                            0x08007ecb   Thumb Code   108  inemo_math.o(.text)
    iNEMO_fMatSub                            0x08007f37   Thumb Code   108  inemo_math.o(.text)
    iNEMO_fMatMulMat                         0x08007fa3   Thumb Code   156  inemo_math.o(.text)
    iNEMO_fMatMulMatMT                       0x0800803f   Thumb Code   156  inemo_math.o(.text)
    iNEMO_MatBackSubs                        0x080080db   Thumb Code   346  inemo_math.o(.text)
    iNEMO_MatLUP                             0x08008235   Thumb Code   422  inemo_math.o(.text)
    iNEMO_fMatInv                            0x080083db   Thumb Code   192  inemo_math.o(.text)
    iNEMO_WrapAround                         0x0800849b   Thumb Code    48  inemo_math.o(.text)
    __aeabi_uldivmod                         0x080084d9   Thumb Code    98  uldiv.o(.text)
    __aeabi_ldivmod                          0x0800853b   Thumb Code    90  ldiv.o(.text)
    __aeabi_memcpy                           0x08008595   Thumb Code    36  memcpya.o(.text)
    __aeabi_memcpy4                          0x08008595   Thumb Code     0  memcpya.o(.text)
    __aeabi_memcpy8                          0x08008595   Thumb Code     0  memcpya.o(.text)
    __aeabi_memset                           0x080085b9   Thumb Code    14  memseta.o(.text)
    __aeabi_memset4                          0x080085b9   Thumb Code     0  memseta.o(.text)
    __aeabi_memset8                          0x080085b9   Thumb Code     0  memseta.o(.text)
    __aeabi_memclr                           0x080085c7   Thumb Code     4  memseta.o(.text)
    __aeabi_memclr4                          0x080085c7   Thumb Code     0  memseta.o(.text)
    __aeabi_memclr8                          0x080085c7   Thumb Code     0  memseta.o(.text)
    _memset$wrapper                          0x080085cb   Thumb Code    18  memseta.o(.text)
    strlen                                   0x080085dd   Thumb Code    14  strlen.o(.text)
    __aeabi_fadd                             0x080085eb   Thumb Code   164  fadd.o(.text)
    __aeabi_fsub                             0x0800868f   Thumb Code     6  fadd.o(.text)
    __aeabi_frsub                            0x08008695   Thumb Code     6  fadd.o(.text)
    __aeabi_fmul                             0x0800869b   Thumb Code   100  fmul.o(.text)
    __aeabi_fdiv                             0x080086ff   Thumb Code   124  fdiv.o(.text)
    __aeabi_dmul                             0x0800877b   Thumb Code   228  dmul.o(.text)
    __aeabi_ddiv                             0x0800885f   Thumb Code   222  ddiv.o(.text)
    __aeabi_i2f                              0x0800893d   Thumb Code    18  fflti.o(.text)
    __aeabi_ui2f                             0x0800894f   Thumb Code    10  ffltui.o(.text)
    __aeabi_i2d                              0x08008959   Thumb Code    34  dflti.o(.text)
    __aeabi_f2iz                             0x0800897b   Thumb Code    50  ffixi.o(.text)
    __aeabi_f2uiz                            0x080089ad   Thumb Code    40  ffixui.o(.text)
    __aeabi_f2d                              0x080089d5   Thumb Code    38  f2d.o(.text)
    __aeabi_d2f                              0x080089fb   Thumb Code    56  d2f.o(.text)
    __aeabi_cfcmpeq                          0x08008a35   Thumb Code     0  cfcmple.o(.text)
    __aeabi_cfcmple                          0x08008a35   Thumb Code    20  cfcmple.o(.text)
    __aeabi_cfrcmple                         0x08008a49   Thumb Code    20  cfrcmple.o(.text)
    __aeabi_llsl                             0x08008a5d   Thumb Code    30  llshl.o(.text)
    _ll_shift_l                              0x08008a5d   Thumb Code     0  llshl.o(.text)
    __aeabi_llsr                             0x08008a7b   Thumb Code    32  llushr.o(.text)
    _ll_ushift_r                             0x08008a7b   Thumb Code     0  llushr.o(.text)
    __I$use$fp                               0x08008a9b   Thumb Code     0  iusefp.o(.text)
    _float_round                             0x08008a9b   Thumb Code    18  fepilogue.o(.text)
    _float_epilogue                          0x08008aad   Thumb Code    92  fepilogue.o(.text)
    _double_round                            0x08008b09   Thumb Code    26  depilogue.o(.text)
    _double_epilogue                         0x08008b23   Thumb Code   156  depilogue.o(.text)
    __aeabi_dadd                             0x08008bbf   Thumb Code   322  dadd.o(.text)
    __aeabi_dsub                             0x08008d01   Thumb Code     6  dadd.o(.text)
    __aeabi_drsub                            0x08008d07   Thumb Code     6  dadd.o(.text)
    __ARM_scalbn                             0x08008d0d   Thumb Code    46  dscalb.o(.text)
    scalbn                                   0x08008d0d   Thumb Code     0  dscalb.o(.text)
    _dsqrt                                   0x08008d3b   Thumb Code   162  dsqrt.o(.text)
    __scatterload                            0x08008ddd   Thumb Code    28  init.o(.text)
    __scatterload_rt2                        0x08008ddd   Thumb Code     0  init.o(.text)
    __aeabi_lasr                             0x08008e01   Thumb Code    36  llsshr.o(.text)
    _ll_sshift_r                             0x08008e01   Thumb Code     0  llsshr.o(.text)
    __aeabi_ui2d                             0x08008e25   Thumb Code    26  dfltui.o(.text)
    __aeabi_d2iz                             0x08008e3f   Thumb Code    62  dfixi.o(.text)
    __decompress                             0x08008e7d   Thumb Code     0  __dczerorl2.o(.text)
    __decompress1                            0x08008e7d   Thumb Code    86  __dczerorl2.o(.text)
    __0sprintf$2                             0x08008ed5   Thumb Code    34  printf2.o(i.__0sprintf$2)
    __1sprintf$2                             0x08008ed5   Thumb Code     0  printf2.o(i.__0sprintf$2)
    __2sprintf                               0x08008ed5   Thumb Code     0  printf2.o(i.__0sprintf$2)
    __ARM_fpclassify                         0x08008efd   Thumb Code    40  fpclassify.o(i.__ARM_fpclassify)
    __ieee754_rem_pio2                       0x08008f25   Thumb Code   830  rred.o(i.__ieee754_rem_pio2)
    __kernel_cos                             0x080092ad   Thumb Code   230  cos_i.o(i.__kernel_cos)
    __kernel_poly                            0x080093a9   Thumb Code   170  poly.o(i.__kernel_poly)
    __kernel_sin                             0x08009455   Thumb Code   224  sin_i.o(i.__kernel_sin)
    __mathlib_dbl_underflow                  0x08009541   Thumb Code    10  dunder.o(i.__mathlib_dbl_underflow)
    __scatterload_copy                       0x08009551   Thumb Code    14  handlers.o(i.__scatterload_copy)
    __scatterload_null                       0x0800955f   Thumb Code     2  handlers.o(i.__scatterload_null)
    __scatterload_zeroinit                   0x08009561   Thumb Code    14  handlers.o(i.__scatterload_zeroinit)
    __set_errno                              0x08009571   Thumb Code     6  errno.o(i.__set_errno)
    asin                                     0x0800965d   Thumb Code   584  asin.o(i.asin)
    atan                                     0x080098d9   Thumb Code   478  atan.o(i.atan)
    atan2                                    0x08009afd   Thumb Code   346  atan2.o(i.atan2)
    cos                                      0x08009c7d   Thumb Code   164  cos.o(i.cos)
    free                                     0x08009d29   Thumb Code    76  malloc.o(i.free)
    malloc                                   0x08009d79   Thumb Code    92  malloc.o(i.malloc)
    sin                                      0x08009de5   Thumb Code   166  sin.o(i.sin)
    sqrt                                     0x08009e95   Thumb Code    76  sqrt.o(i.sqrt)
    CustomHID_DeviceDescriptor               0x08009f5f   Data          18  usb_desc.o(.constdata)
    CustomHID_ConfigDescriptor               0x08009f71   Data          41  usb_desc.o(.constdata)
    CustomHID_ReportDescriptor               0x08009f9a   Data          33  usb_desc.o(.constdata)
    CustomHID_StringLangID                   0x08009fbb   Data           4  usb_desc.o(.constdata)
    CustomHID_StringVendor                   0x08009fbf   Data          20  usb_desc.o(.constdata)
    CustomHID_StringProduct                  0x08009fd3   Data          24  usb_desc.o(.constdata)
    __mathlib_zero                           0x0800a108   Data           8  qnan.o(.constdata)
    Region$$Table$$Base                      0x0800a200   Number         0  anon$$obj.o(Region$$Table)
    Region$$Table$$Limit                     0x0800a220   Number         0  anon$$obj.o(Region$$Table)
    odometry_right                           0x20000000   Data           4  main.o(.data)
    odometry_left                            0x20000004   Data           4  main.o(.data)
    main_sta                                 0x20000008   Data           1  main.o(.data)
    leftdata                                 0x2000000c   Data           4  main.o(.data)
    rightdata                                0x20000010   Data           4  main.o(.data)
    x_data                                   0x20000014   Data           4  main.o(.data)
    y_data                                   0x20000018   Data           4  main.o(.data)
    theta_data                               0x2000001c   Data           4  main.o(.data)
    vel_linear                               0x20000020   Data           4  main.o(.data)
    vel_angular                              0x20000024   Data           4  main.o(.data)
    SystemCoreClock                          0x20000028   Data           4  system_stm32f10x.o(.data)
    AHBPrescTable                            0x2000002c   Data          16  system_stm32f10x.o(.data)
    HSEStartUpStatus                         0x2000003c   Data           1  bsp_init.o(.data)
    Gyro_Xout                                0x20000040   Data           2  iic_mpu9250.o(.data)
    Gyro_Yout                                0x20000042   Data           2  iic_mpu9250.o(.data)
    Gyro_Zout                                0x20000044   Data           2  iic_mpu9250.o(.data)
    ax                                       0x20000048   Data           4  iic_mpu9250.o(.data)
    ay                                       0x2000004c   Data           4  iic_mpu9250.o(.data)
    az                                       0x20000050   Data           4  iic_mpu9250.o(.data)
    gx                                       0x20000054   Data           4  iic_mpu9250.o(.data)
    gy                                       0x20000058   Data           4  iic_mpu9250.o(.data)
    gz                                       0x2000005c   Data           4  iic_mpu9250.o(.data)
    mx                                       0x20000060   Data           4  iic_mpu9250.o(.data)
    my                                       0x20000064   Data           4  iic_mpu9250.o(.data)
    mz                                       0x20000068   Data           4  iic_mpu9250.o(.data)
    mx1                                      0x2000006c   Data           4  iic_mpu9250.o(.data)
    my1                                      0x20000070   Data           4  iic_mpu9250.o(.data)
    mz1                                      0x20000074   Data           4  iic_mpu9250.o(.data)
    sensor_data                              0x20000078   Data           6  iic_mpu9250.o(.data)
    Speed2                                   0x2000008c   Data           4  encoder.o(.data)
    Speed1                                   0x20000090   Data           4  encoder.o(.data)
    A_REMP_PLUS                              0x20000098   Data           4  encoder.o(.data)
    span                                     0x2000009c   Data           4  encoder.o(.data)
    Control_left                             0x200000a4   Data          36  encoder.o(.data)
    Control_right                            0x200000c8   Data          36  encoder.o(.data)
    Flag_A_Temp                              0x200000ec   Data           4  encoder.o(.data)
    Flag_B_Temp                              0x200000f0   Data           4  encoder.o(.data)
    hPrevious_angle2                         0x200000f4   Data           4  encoder.o(.data)
    hPrevious_angle1                         0x200000f8   Data           4  encoder.o(.data)
    __stdout                                 0x20000108   Data           4  usart.o(.data)
    USART_RX_STA                             0x2000010c   Data           2  usart.o(.data)
    Data_Cnt                                 0x20000128   Data           1  us_can_zyt.o(.data)
    uart_id                                  0x2000012c   Data           4  us_can_zyt.o(.data)
    usart_rece_time                          0x20000130   Data           8  us_can_zyt.o(.data)
    MCU_VERSION                              0x20000138   Data           8  us_mcu_transfer.o(.data)
    ping_time                                0x20000140   Data           8  us_mcu_transfer.o(.data)
    front                                    0x20000148   Data           4  us_mcu_transfer.o(.data)
    rear                                     0x2000014c   Data           4  us_mcu_transfer.o(.data)
    US_MCU_STATUS                            0x20000150   Data           1  us_mcu_transfer.o(.data)
    coder_length                             0x20000151   Data           1  us_mcu_transfer.o(.data)
    u_front                                  0x20000154   Data           4  us_mcu_transfer.o(.data)
    u_rear                                   0x20000158   Data           4  us_mcu_transfer.o(.data)
    recv_ptr                                 0x2000015c   Data           4  us_mcu_transfer.o(.data)
    flash_get_data_size                      0x20000160   Data           4  us_mcu_transfer.o(.data)
    addr_ptr                                 0x20000164   Data           4  us_mcu_transfer.o(.data)
    FILL_CHECKSUM                            0x20000168   Data           8  us_mcu_transfer.o(.data)
    FETCH_CHECKSUM                           0x20000170   Data           8  us_mcu_transfer.o(.data)
    fetch_send_length                        0x20000178   Data           4  us_mcu_transfer.o(.data)
    bSpeed_Buffer_Index                      0x20000182   Data           1  timer_interrupt.o(.data)
    Milemeter_L_Motor                        0x20000184   Data           4  timer_interrupt.o(.data)
    Milemeter_R_Motor                        0x20000188   Data           4  timer_interrupt.o(.data)
    SENSOR_TIMESPS                           0x2000018c   Data           4  timer_interrupt.o(.data)
    timer                                    0x20000190   Data           8  timer_interrupt.o(.data)
    SENSOR_PLAY                              0x20000198   Data           4  timer_interrupt.o(.data)
    ROBOT_ENCODER_EN                         0x2000019c   Data           4  timer_interrupt.o(.data)
    MaxValue                                 0x200001a0   Data           4  pid.o(.data)
    MinValue                                 0x200001a4   Data           4  pid.o(.data)
    OutputValue                              0x200001a8   Data           4  pid.o(.data)
    position_x                               0x200001ac   Data           4  odometry.o(.data)
    position_y                               0x200001b0   Data           4  odometry.o(.data)
    oriention                                0x200001b4   Data           4  odometry.o(.data)
    velocity_linear                          0x200001b8   Data           4  odometry.o(.data)
    velocity_angular                         0x200001bc   Data           4  odometry.o(.data)
    pos_x                                    0x200001c0   Data           4  odometry.o(.data)
    pos_y                                    0x200001c4   Data           4  odometry.o(.data)
    wheel_interval                           0x200001c8   Data           4  odometry.o(.data)
    multiplier                               0x200001cc   Data           4  odometry.o(.data)
    deceleration_ratio                       0x200001d0   Data           4  odometry.o(.data)
    encoder_diameter                         0x200001d4   Data           4  odometry.o(.data)
    pi_1_2                                   0x200001d8   Data           4  odometry.o(.data)
    pi                                       0x200001dc   Data           4  odometry.o(.data)
    pi_3_2                                   0x200001e0   Data           4  odometry.o(.data)
    pi_2_1                                   0x200001e4   Data           4  odometry.o(.data)
    dt                                       0x200001e8   Data           4  odometry.o(.data)
    line_number                              0x200001ec   Data           4  odometry.o(.data)
    oriention_interval                       0x200001f0   Data           4  odometry.o(.data)
    sin_                                     0x200001f4   Data           4  odometry.o(.data)
    cos_                                     0x200001f8   Data           4  odometry.o(.data)
    delta_distance                           0x200001fc   Data           4  odometry.o(.data)
    delta_oriention                          0x20000200   Data           4  odometry.o(.data)
    const_frame                              0x20000204   Data           4  odometry.o(.data)
    const_angle                              0x20000208   Data           4  odometry.o(.data)
    distance_sum                             0x2000020c   Data           4  odometry.o(.data)
    distance_diff                            0x20000210   Data           4  odometry.o(.data)
    one_pulse                                0x20000214   Data           4  odometry.o(.data)
    oriention_1                              0x20000218   Data           4  odometry.o(.data)
    once                                     0x2000021c   Data           1  odometry.o(.data)
    right_count                              0x20000220   Data           4  odometry.o(.data)
    left_count                               0x20000224   Data           4  odometry.o(.data)
    StatusInfo                               0x20000228   Data           2  usb_core.o(.data)
    Data_Mul_MaxPacketSize                   0x2000022a   Data           1  usb_core.o(.data)
    EPindex                                  0x2000022c   Data           1  usb_init.o(.data)
    pInformation                             0x20000230   Data           4  usb_init.o(.data)
    pProperty                                0x20000234   Data           4  usb_init.o(.data)
    SaveState                                0x20000238   Data           2  usb_init.o(.data)
    wInterrupt_Mask                          0x2000023a   Data           2  usb_init.o(.data)
    pUser_Standard_Requests                  0x2000023c   Data           4  usb_init.o(.data)
    SaveRState                               0x20000240   Data           2  usb_int.o(.data)
    SaveTState                               0x20000242   Data           2  usb_int.o(.data)
    CustomHID_StringSerial                   0x20000244   Data          26  usb_desc.o(.data)
    wIstr                                    0x20000260   Data           2  usb_istr.o(.data)
    bIntPackSOF                              0x20000262   Data           1  usb_istr.o(.data)
    pEpInt_IN                                0x20000264   Data          28  usb_istr.o(.data)
    pEpInt_OUT                               0x20000280   Data          28  usb_istr.o(.data)
    ProtocolValue                            0x2000029c   Data           4  usb_prop.o(.data)
    Device_Table                             0x200002a0   Data           2  usb_prop.o(.data)
    Device_Property                          0x200002a4   Data          48  usb_prop.o(.data)
    User_Standard_Requests                   0x200002d4   Data          36  usb_prop.o(.data)
    Device_Descriptor                        0x200002f8   Data           8  usb_prop.o(.data)
    Config_Descriptor                        0x20000300   Data           8  usb_prop.o(.data)
    CustomHID_Report_Descriptor              0x20000308   Data           8  usb_prop.o(.data)
    CustomHID_Descriptor                     0x20000310   Data           8  usb_prop.o(.data)
    String_Descriptor                        0x20000318   Data          32  usb_prop.o(.data)
    bDeviceState                             0x20000338   Data           4  usb_pwr.o(.data)
    fSuspendEnabled                          0x2000033c   Data           1  usb_pwr.o(.data)
    ResumeS                                  0x2000033d   Data           2  usb_pwr.o(.data)
    pMat_P                                   0x20000340   Data           4  inemo_ahrs.o(.data)
    pMat_Fsys                                0x20000344   Data           4  inemo_ahrs.o(.data)
    pMat_Q                                   0x20000348   Data           4  inemo_ahrs.o(.data)
    pMat_Pnew                                0x2000034c   Data           4  inemo_ahrs.o(.data)
    pMat_Ka                                  0x20000350   Data           4  inemo_ahrs.o(.data)
    pMat_Km                                  0x20000354   Data           4  inemo_ahrs.o(.data)
    pMat_Hja                                 0x20000358   Data           4  inemo_ahrs.o(.data)
    pMat_Hjm                                 0x2000035c   Data           4  inemo_ahrs.o(.data)
    pMat_Ra                                  0x20000360   Data           4  inemo_ahrs.o(.data)
    pMat_Rm                                  0x20000364   Data           4  inemo_ahrs.o(.data)
    fHalfDt                                  0x20000368   Data           4  inemo_ahrs.o(.data)
    fAccRef                                  0x2000036c   Data           4  inemo_ahrs.o(.data)
    fMagRef                                  0x20000370   Data           4  inemo_ahrs.o(.data)
    __microlib_freelist                      0x20000374   Data           4  mvars.o(.data)
    __microlib_freelist_initialised          0x20000378   Data           4  mvars.o(.data)
    send_buf                                 0x20000380   Data          72  main.o(.bss)
    odometry_data                            0x200003c8   Data          21  main.o(.bss)
    mpu9250                                  0x200003e0   Data          20  iic_mpu9250.o(.bss)
    packet_buf                               0x200003f4   Data          64  iic_mpu9250.o(.bss)
    xSensorData                              0x20000434   Data         152  iic_mpu9250.o(.bss)
    xEulerAngles                             0x200004cc   Data          12  iic_mpu9250.o(.bss)
    xQuat                                    0x200004d8   Data          16  iic_mpu9250.o(.bss)
    hSpeed_Buffer2                           0x200004e8   Data          12  encoder.o(.bss)
    hSpeed_Buffer1                           0x200004f4   Data          12  encoder.o(.bss)
    USART_RX_BUF                             0x20000500   Data         200  usart.o(.bss)
    USART_SEND_BUFF                          0x200005c8   Data         512  usart.o(.bss)
    Usart_Buf                                0x200007c8   Data          40  us_can_zyt.o(.bss)
    trans_uart                               0x200007f0   Data          48  us_can_zyt.o(.bss)
    ping_s                                   0x20000820   Data          20  us_mcu_transfer.o(.bss)
    rc_buf                                   0x20000834   Data       10800  us_mcu_transfer.o(.bss)
    DEV_STATUS_CTRL                          0x20003264   Data          40  us_mcu_transfer.o(.bss)
    coder_id                                 0x2000328c   Data          20  us_mcu_transfer.o(.bss)
    mcu_id_en                                0x200032a0   Data          48  us_mcu_transfer.o(.bss)
    recv                                     0x200032d0   Data          72  us_mcu_transfer.o(.bss)
    sdata                                    0x20003318   Data          10  us_mcu_transfer.o(.bss)
    CpuID                                    0x20003324   Data          16  us_mcu_transfer.o(.bss)
    flash_cache                              0x20003334   Data        2148  us_mcu_transfer.o(.bss)
    flash_data                               0x20003b98   Data          48  us_mcu_transfer.o(.bss)
    Device_Info                              0x20003bc8   Data          28  usb_init.o(.bss)
    USB_Receive_Buffer                       0x20003be4   Data          64  usb_endp.o(.bss)
    USB_Send_Buffer                          0x20003c24   Data          64  usb_endp.o(.bss)
    fSV                                      0x20003c64   Data          28  inemo_ahrs.o(.bss)
    __heap_base                              0x20003c80   Data           0  startup_stm32f10x_hd.o(HEAP)
    __heap_limit                             0x20003e80   Data           0  startup_stm32f10x_hd.o(HEAP)
    __initial_sp                             0x20004280   Data           0  startup_stm32f10x_hd.o(STACK)



==============================================================================

Memory Map of the image

  Image Entry point : 0x08000131

  Load Region LR_IROM1 (Base: 0x08000000, Size: 0x0000a5a0, Max: 0x00040000, ABSOLUTE, COMPRESSED[0x0000a314])

    Execution Region ER_IROM1 (Base: 0x08000000, Size: 0x0000a220, Max: 0x00040000, ABSOLUTE)

    Base Addr    Size         Type   Attr      Idx    E Section Name        Object

    0x08000000   0x00000130   Data   RO          490    RESET               startup_stm32f10x_hd.o
    0x08000130   0x00000000   Code   RO         1238  * .ARM.Collect$$$$00000000  mc_w.l(entry.o)
    0x08000130   0x00000004   Code   RO         1601    .ARM.Collect$$$$00000001  mc_w.l(entry2.o)
    0x08000134   0x00000004   Code   RO         1604    .ARM.Collect$$$$00000004  mc_w.l(entry5.o)
    0x08000138   0x00000000   Code   RO         1606    .ARM.Collect$$$$00000008  mc_w.l(entry7b.o)
    0x08000138   0x00000000   Code   RO         1608    .ARM.Collect$$$$0000000A  mc_w.l(entry8b.o)
    0x08000138   0x00000008   Code   RO         1609    .ARM.Collect$$$$0000000B  mc_w.l(entry9a.o)
    0x08000140   0x00000000   Code   RO         1611    .ARM.Collect$$$$0000000D  mc_w.l(entry10a.o)
    0x08000140   0x00000000   Code   RO         1613    .ARM.Collect$$$$0000000F  mc_w.l(entry11a.o)
    0x08000140   0x00000004   Code   RO         1602    .ARM.Collect$$$$00002712  mc_w.l(entry2.o)
    0x08000144   0x00000054   Code   RO            1    .text               main.o
    0x08000198   0x0000002c   Code   RO          201    .text               stm32f10x_it.o
    0x080001c4   0x000001e0   Code   RO          226    .text               system_stm32f10x.o
    0x080003a4   0x00000204   Code   RO          244    .text               bsp_init.o
    0x080005a8   0x0000028c   Code   RO          320    .text               myiic.o
    0x08000834   0x000007e8   Code   RO          335    .text               iic_mpu9250.o
    0x0800101c   0x00000458   Code   RO          390    .text               timer_function.o
    0x08001474   0x00000384   Code   RO          402    .text               encoder.o
    0x080017f8   0x000000d4   Code   RO          424    .text               delay.o
    0x080018cc   0x00000140   Code   RO          455    .text               usart.o
    0x08001a0c   0x00000024   Code   RO          491    .text               startup_stm32f10x_hd.o
    0x08001a30   0x000000dc   Code   RO          495    .text               misc.o
    0x08001b0c   0x0000035c   Code   RO          507    .text               stm32f10x_gpio.o
    0x08001e68   0x000003a4   Code   RO          519    .text               stm32f10x_rcc.o
    0x0800220c   0x00000408   Code   RO          533    .text               stm32f10x_usart.o
    0x08002614   0x0000018c   Code   RO          605    .text               stm32f10x_dac.o
    0x080027a0   0x000005bc   Code   RO          653    .text               stm32f10x_flash.o
    0x08002d5c   0x00000e1a   Code   RO          749    .text               stm32f10x_tim.o
    0x08003b76   0x00000002   PAD
    0x08003b78   0x000000fc   Code   RO          773    .text               us_can_zyt.o
    0x08003c74   0x00000a88   Code   RO          793    .text               us_mcu_transfer.o
    0x080046fc   0x00000048   Code   RO          823    .text               usbio.o
    0x08004744   0x00000294   Code   RO          854    .text               timer_interrupt.o
    0x080049d8   0x000000dc   Code   RO          877    .text               pid.o
    0x08004ab4   0x00000244   Code   RO          906    .text               odometry.o
    0x08004cf8   0x00000b50   Code   RO          937    .text               usb_core.o
    0x08005848   0x0000003c   Code   RO          952    .text               usb_init.o
    0x08005884   0x0000033c   Code   RO          975    .text               usb_int.o
    0x08005bc0   0x0000005c   Code   RO          999    .text               usb_mem.o
    0x08005c1c   0x00000808   Code   RO         1011    .text               usb_regs.o
    0x08006424   0x00000080   Code   RO         1023    .text               usb_sil.o
    0x080064a4   0x0000000c   Code   RO         1048    .text               usb_endp.o
    0x080064b0   0x000000f8   Code   RO         1067    .text               usb_istr.o
    0x080065a8   0x0000023c   Code   RO         1088    .text               usb_prop.o
    0x080067e4   0x00000148   Code   RO         1111    .text               usb_pwr.o
    0x0800692c   0x00001250   Code   RO         1129    .text               inemo_ahrs.o
    0x08007b7c   0x00000018   Code   RO         1154    .text               inemo_ahrs_memman_1.o
    0x08007b94   0x00000134   Code   RO         1169    .text               inemo_ekf.o
    0x08007cc8   0x00000810   Code   RO         1181    .text               inemo_math.o
    0x080084d8   0x00000062   Code   RO         1241    .text               mc_w.l(uldiv.o)
    0x0800853a   0x0000005a   Code   RO         1243    .text               mc_w.l(ldiv.o)
    0x08008594   0x00000024   Code   RO         1245    .text               mc_w.l(memcpya.o)
    0x080085b8   0x00000024   Code   RO         1247    .text               mc_w.l(memseta.o)
    0x080085dc   0x0000000e   Code   RO         1249    .text               mc_w.l(strlen.o)
    0x080085ea   0x000000b0   Code   RO         1542    .text               mf_w.l(fadd.o)
    0x0800869a   0x00000064   Code   RO         1544    .text               mf_w.l(fmul.o)
    0x080086fe   0x0000007c   Code   RO         1546    .text               mf_w.l(fdiv.o)
    0x0800877a   0x000000e4   Code   RO         1548    .text               mf_w.l(dmul.o)
    0x0800885e   0x000000de   Code   RO         1550    .text               mf_w.l(ddiv.o)
    0x0800893c   0x00000012   Code   RO         1552    .text               mf_w.l(fflti.o)
    0x0800894e   0x0000000a   Code   RO         1554    .text               mf_w.l(ffltui.o)
    0x08008958   0x00000022   Code   RO         1556    .text               mf_w.l(dflti.o)
    0x0800897a   0x00000032   Code   RO         1558    .text               mf_w.l(ffixi.o)
    0x080089ac   0x00000028   Code   RO         1560    .text               mf_w.l(ffixui.o)
    0x080089d4   0x00000026   Code   RO         1562    .text               mf_w.l(f2d.o)
    0x080089fa   0x00000038   Code   RO         1564    .text               mf_w.l(d2f.o)
    0x08008a32   0x00000002   PAD
    0x08008a34   0x00000014   Code   RO         1566    .text               mf_w.l(cfcmple.o)
    0x08008a48   0x00000014   Code   RO         1568    .text               mf_w.l(cfrcmple.o)
    0x08008a5c   0x0000001e   Code   RO         1617    .text               mc_w.l(llshl.o)
    0x08008a7a   0x00000020   Code   RO         1619    .text               mc_w.l(llushr.o)
    0x08008a9a   0x00000000   Code   RO         1630    .text               mc_w.l(iusefp.o)
    0x08008a9a   0x0000006e   Code   RO         1631    .text               mf_w.l(fepilogue.o)
    0x08008b08   0x000000b6   Code   RO         1633    .text               mf_w.l(depilogue.o)
    0x08008bbe   0x0000014e   Code   RO         1635    .text               mf_w.l(dadd.o)
    0x08008d0c   0x0000002e   Code   RO         1637    .text               mf_w.l(dscalb.o)
    0x08008d3a   0x000000a2   Code   RO         1639    .text               mf_w.l(dsqrt.o)
    0x08008ddc   0x00000024   Code   RO         1647    .text               mc_w.l(init.o)
    0x08008e00   0x00000024   Code   RO         1649    .text               mc_w.l(llsshr.o)
    0x08008e24   0x0000001a   Code   RO         1651    .text               mf_w.l(dfltui.o)
    0x08008e3e   0x0000003e   Code   RO         1653    .text               mf_w.l(dfixi.o)
    0x08008e7c   0x00000056   Code   RO         1663    .text               mc_w.l(__dczerorl2.o)
    0x08008ed2   0x00000002   PAD
    0x08008ed4   0x00000028   Code   RO         1322    i.__0sprintf$2      mc_w.l(printf2.o)
    0x08008efc   0x00000028   Code   RO         1585    i.__ARM_fpclassify  m_ws.l(fpclassify.o)
    0x08008f24   0x00000388   Code   RO         1590    i.__ieee754_rem_pio2  m_ws.l(rred.o)
    0x080092ac   0x000000fc   Code   RO         1580    i.__kernel_cos      m_ws.l(cos_i.o)
    0x080093a8   0x000000aa   Code   RO         1587    i.__kernel_poly     m_ws.l(poly.o)
    0x08009452   0x00000002   PAD
    0x08009454   0x000000ec   Code   RO         1595    i.__kernel_sin      m_ws.l(sin_i.o)
    0x08009540   0x00000010   Code   RO         1583    i.__mathlib_dbl_underflow  m_ws.l(dunder.o)
    0x08009550   0x0000000e   Code   RO         1657    i.__scatterload_copy  mc_w.l(handlers.o)
    0x0800955e   0x00000002   Code   RO         1658    i.__scatterload_null  mc_w.l(handlers.o)
    0x08009560   0x0000000e   Code   RO         1659    i.__scatterload_zeroinit  mc_w.l(handlers.o)
    0x0800956e   0x00000002   PAD
    0x08009570   0x0000000c   Code   RO         1625    i.__set_errno       mc_w.l(errno.o)
    0x0800957c   0x000000d6   Code   RO         1327    i._printf_core      mc_w.l(printf2.o)
    0x08009652   0x0000000a   Code   RO         1329    i._sputc            mc_w.l(printf2.o)
    0x0800965c   0x0000027c   Code   RO         1197    i.asin              m_ws.l(asin.o)
    0x080098d8   0x00000224   Code   RO         1571    i.atan              m_ws.l(atan.o)
    0x08009afc   0x00000180   Code   RO         1207    i.atan2             m_ws.l(atan2.o)
    0x08009c7c   0x000000ac   Code   RO         1215    i.cos               m_ws.l(cos.o)
    0x08009d28   0x00000050   Code   RO         1514    i.free              mc_w.l(malloc.o)
    0x08009d78   0x0000006c   Code   RO         1515    i.malloc            mc_w.l(malloc.o)
    0x08009de4   0x000000b0   Code   RO         1223    i.sin               m_ws.l(sin.o)
    0x08009e94   0x0000004c   Code   RO         1231    i.sqrt              m_ws.l(sqrt.o)
    0x08009ee0   0x00000005   Data   RO            3    .constdata          main.o
    0x08009ee5   0x0000007a   Data   RO          795    .constdata          us_mcu_transfer.o
    0x08009f5f   0x0000008c   Data   RO         1035    .constdata          usb_desc.o
    0x08009feb   0x00000005   PAD
    0x08009ff0   0x00000050   Data   RO         1198    .constdata          m_ws.l(asin.o)
    0x0800a040   0x00000098   Data   RO         1572    .constdata          m_ws.l(atan.o)
    0x0800a0d8   0x00000030   Data   RO         1581    .constdata          m_ws.l(cos_i.o)
    0x0800a108   0x00000008   Data   RO         1589    .constdata          m_ws.l(qnan.o)
    0x0800a110   0x000000c8   Data   RO         1592    .constdata          m_ws.l(rred.o)
    0x0800a1d8   0x00000028   Data   RO         1596    .constdata          m_ws.l(sin_i.o)
    0x0800a200   0x00000020   Data   RO         1655    Region$$Table       anon$$obj.o


    Execution Region RW_IRAM1 (Base: 0x20000000, Size: 0x00004280, Max: 0x0000c000, ABSOLUTE, COMPRESSED[0x000000f4])

    Base Addr    Size         Type   Attr      Idx    E Section Name        Object

    0x20000000   0x00000028   Data   RW            4    .data               main.o
    0x20000028   0x00000014   Data   RW          227    .data               system_stm32f10x.o
    0x2000003c   0x00000001   Data   RW          245    .data               bsp_init.o
    0x2000003d   0x00000003   PAD
    0x20000040   0x00000040   Data   RW          337    .data               iic_mpu9250.o
    0x20000080   0x00000084   Data   RW          404    .data               encoder.o
    0x20000104   0x00000004   Data   RW          425    .data               delay.o
    0x20000108   0x00000006   Data   RW          457    .data               usart.o
    0x2000010e   0x00000014   Data   RW          520    .data               stm32f10x_rcc.o
    0x20000122   0x00000006   PAD
    0x20000128   0x00000010   Data   RW          775    .data               us_can_zyt.o
    0x20000138   0x00000044   Data   RW          796    .data               us_mcu_transfer.o
    0x2000017c   0x00000004   PAD
    0x20000180   0x00000020   Data   RW          855    .data               timer_interrupt.o
    0x200001a0   0x0000000c   Data   RW          878    .data               pid.o
    0x200001ac   0x0000007c   Data   RW          907    .data               odometry.o
    0x20000228   0x00000003   Data   RW          938    .data               usb_core.o
    0x2000022b   0x00000001   PAD
    0x2000022c   0x00000014   Data   RW          954    .data               usb_init.o
    0x20000240   0x00000004   Data   RW          976    .data               usb_int.o
    0x20000244   0x0000001a   Data   RW         1036    .data               usb_desc.o
    0x2000025e   0x00000002   PAD
    0x20000260   0x0000003c   Data   RW         1068    .data               usb_istr.o
    0x2000029c   0x0000009c   Data   RW         1089    .data               usb_prop.o
    0x20000338   0x00000007   Data   RW         1112    .data               usb_pwr.o
    0x2000033f   0x00000001   PAD
    0x20000340   0x00000034   Data   RW         1131    .data               inemo_ahrs.o
    0x20000374   0x00000004   Data   RW         1621    .data               mc_w.l(mvars.o)
    0x20000378   0x00000004   Data   RW         1622    .data               mc_w.l(mvars.o)
    0x2000037c   0x00000004   Data   RW         1626    .data               mc_w.l(errno.o)
    0x20000380   0x0000005d   Zero   RW            2    .bss                main.o
    0x200003dd   0x00000003   PAD
    0x200003e0   0x00000108   Zero   RW          336    .bss                iic_mpu9250.o
    0x200004e8   0x00000018   Zero   RW          403    .bss                encoder.o
    0x20000500   0x000002c8   Zero   RW          456    .bss                usart.o
    0x200007c8   0x00000058   Zero   RW          774    .bss                us_can_zyt.o
    0x20000820   0x000033a8   Zero   RW          794    .bss                us_mcu_transfer.o
    0x20003bc8   0x0000001c   Zero   RW          953    .bss                usb_init.o
    0x20003be4   0x00000080   Zero   RW         1049    .bss                usb_endp.o
    0x20003c64   0x0000001c   Zero   RW         1130    .bss                inemo_ahrs.o
    0x20003c80   0x00000200   Zero   RW          489    HEAP                startup_stm32f10x_hd.o
    0x20003e80   0x00000400   Zero   RW          488    STACK               startup_stm32f10x_hd.o


==============================================================================

Image component sizes


      Code (inc. data)   RO Data    RW Data    ZI Data      Debug   Object Name

       516         20          0          1          0       3386   bsp_init.o
       212         18          0          4          0        995   delay.o
       900         92          0        132         24       3588   encoder.o
      2024        160          0         64        264     212752   iic_mpu9250.o
      4688        164          0         52         28       4980   inemo_ahrs.o
        24          0          0          0          0       2122   inemo_ahrs_memman_1.o
       308          0          0          0          0       1746   inemo_ekf.o
      2064         14          0          0          0       7131   inemo_math.o
         0          0          0          0          0     204744   led.o
        84          8          5         40         93     284844   main.o
       220         22          0          0          0       1769   misc.o
       652         14          0          0          0       1844   myiic.o
       580        100          0        124          0       1956   odometry.o
       220         22          0         12          0       1275   pid.o
        36          8        304          0       1536        776   startup_stm32f10x_hd.o
       396          6          0          0          0       3622   stm32f10x_dac.o
      1468         34          0          0          0       8002   stm32f10x_flash.o
       860         38          0          0          0       5617   stm32f10x_gpio.o
        44          0          0          0          0       1884   stm32f10x_it.o
       932         36          0         20          0       8776   stm32f10x_rcc.o
      3610         88          0          0          0      22100   stm32f10x_tim.o
      1032         22          0          0          0       8340   stm32f10x_usart.o
         0          0          0          0          0         32   sys.o
       480         38          0         20          0       1695   system_stm32f10x.o
      1112         28          0          0          0       2795   timer_function.o
       660         96          0         32          0       2137   timer_interrupt.o
       252         24          0         16         88       2031   us_can_zyt.o
      2696        160        122         68      13224      11362   us_mcu_transfer.o
       320         18          0          6        712       3235   usart.o
      2896        114          0          3          0       8055   usb_core.o
         0          0        140         26          0       1016   usb_desc.o
        12          0          0          0        128       1450   usb_endp.o
        60         24          0         20         28       4086   usb_init.o
       828         34          0          4          0       1903   usb_int.o
       248         26          0         60          0       1248   usb_istr.o
        92          6          0          0          0       1394   usb_mem.o
       572         44          0        156          0       7523   usb_prop.o
       328         22          0          7          0       2493   usb_pwr.o
      2056         20          0          0          0      11709   usb_regs.o
       128          8          0          0          0       1422   usb_sil.o
        72          4          0          0          0       1252   usbio.o

    ----------------------------------------------------------------------
     33684       1532        608        884      16128     859087   Object Totals
         0          0         32          0          0          0   (incl. Generated)
         2          0          5         17          3          0   (incl. Padding)

    ----------------------------------------------------------------------

      Code (inc. data)   RO Data    RW Data    ZI Data      Debug   Library Member Name

       636         52         80          0          0        168   asin.o
       548         70        152          0          0        124   atan.o
       384         38          0          0          0        144   atan2.o
       172          8          0          0          0        112   cos.o
       252         22         48          0          0        124   cos_i.o
        16          6          0          0          0         68   dunder.o
        40          0          0          0          0         68   fpclassify.o
       170          0          0          0          0         96   poly.o
         0          0          8          0          0          0   qnan.o
       904         74        200          0          0        140   rred.o
       176         10          0          0          0        116   sin.o
       236         12         40          0          0        128   sin_i.o
        76          0          0          0          0         84   sqrt.o
        86          0          0          0          0          0   __dczerorl2.o
         0          0          0          0          0          0   entry.o
         0          0          0          0          0          0   entry10a.o
         0          0          0          0          0          0   entry11a.o
         8          4          0          0          0          0   entry2.o
         4          0          0          0          0          0   entry5.o
         0          0          0          0          0          0   entry7b.o
         0          0          0          0          0          0   entry8b.o
         8          4          0          0          0          0   entry9a.o
        12          6          0          4          0         68   errno.o
        30          0          0          0          0          0   handlers.o
        36          8          0          0          0         68   init.o
         0          0          0          0          0          0   iusefp.o
        90          0          0          0          0         84   ldiv.o
        30          0          0          0          0         68   llshl.o
        36          0          0          0          0         68   llsshr.o
        32          0          0          0          0         68   llushr.o
       188         20          0          0          0        160   malloc.o
        36          0          0          0          0         68   memcpya.o
        36          0          0          0          0        108   memseta.o
         0          0          0          8          0          0   mvars.o
       264          6          0          0          0        244   printf2.o
        14          0          0          0          0         68   strlen.o
        98          0          0          0          0         92   uldiv.o
        20          0          0          0          0         68   cfcmple.o
        20          0          0          0          0         68   cfrcmple.o
        56          0          0          0          0         88   d2f.o
       334          0          0          0          0        148   dadd.o
       222          0          0          0          0        100   ddiv.o
       182          0          0          0          0        176   depilogue.o
        62          0          0          0          0         80   dfixi.o
        34          0          0          0          0         76   dflti.o
        26          0          0          0          0         76   dfltui.o
       228          0          0          0          0         96   dmul.o
        46          0          0          0          0         80   dscalb.o
       162          0          0          0          0        100   dsqrt.o
        38          0          0          0          0         68   f2d.o
       176          0          0          0          0        140   fadd.o
       124          0          0          0          0         88   fdiv.o
       110          0          0          0          0        168   fepilogue.o
        50          0          0          0          0         68   ffixi.o
        40          0          0          0          0         68   ffixui.o
        18          0          0          0          0         68   fflti.o
        10          0          0          0          0         68   ffltui.o
       100          0          0          0          0         76   fmul.o

    ----------------------------------------------------------------------
      6684        340        528         12          0       4504   Library Totals
         8          0          0          0          0          0   (incl. Padding)

    ----------------------------------------------------------------------

      Code (inc. data)   RO Data    RW Data    ZI Data      Debug   Library Name

      3610        292        528          0          0       1372   m_ws.l
      1008         48          0         12          0       1164   mc_w.l
      2058          0          0          0          0       1968   mf_w.l

    ----------------------------------------------------------------------
      6684        340        528         12          0       4504   Library Totals

    ----------------------------------------------------------------------

==============================================================================


      Code (inc. data)   RO Data    RW Data    ZI Data      Debug   

     40368       1872       1136        896      16128     858259   Grand Totals
     40368       1872       1136        244      16128     858259   ELF Image Totals (compressed)
     40368       1872       1136        244          0          0   ROM Totals

==============================================================================

    Total RO  Size (Code + RO Data)                41504 (  40.53kB)
    Total RW  Size (RW Data + ZI Data)             17024 (  16.63kB)
    Total ROM Size (Code + RO Data + RW Data)      41748 (  40.77kB)

==============================================================================

